Archive member included to satisfy reference by file (symbol)

/usr/lib/gcc/arm-none-eabi/13.2.1/thumb/v6-m/nofp/libgcc.a(_dvmd_tls.o)
                              CMakeFiles/tinyML.dir/home/vagner/pico/pico-sdk/src/rp2_common/pico_divider/divider_hardware.S.o (__aeabi_idiv0)
/usr/lib/gcc/arm-none-eabi/13.2.1/../../../arm-none-eabi/lib/thumb/v6-m/nofp/libg.a(libc_a-strncpy.o)
                              CMakeFiles/tinyML.dir/src/display_gate.c.o (strncpy)
/usr/lib/gcc/arm-none-eabi/13.2.1/../../../arm-none-eabi/lib/thumb/v6-m/nofp/libg.a(libc_a-calloc.o)
                              CMakeFiles/tinyML.dir/home/vagner/pico/pico-sdk/src/rp2_common/pico_malloc/malloc.c.o (calloc)
/usr/lib/gcc/arm-none-eabi/13.2.1/../../../arm-none-eabi/lib/thumb/v6-m/nofp/libg.a(libc_a-impure.o)
                              /usr/lib/gcc/arm-none-eabi/13.2.1/../../../arm-none-eabi/lib/thumb/v6-m/nofp/libg.a(libc_a-calloc.o) (_impure_ptr)
/usr/lib/gcc/arm-none-eabi/13.2.1/../../../arm-none-eabi/lib/thumb/v6-m/nofp/libg.a(libc_a-callocr.o)
                              /usr/lib/gcc/arm-none-eabi/13.2.1/../../../arm-none-eabi/lib/thumb/v6-m/nofp/libg.a(libc_a-calloc.o) (_calloc_r)
/usr/lib/gcc/arm-none-eabi/13.2.1/../../../arm-none-eabi/lib/thumb/v6-m/nofp/libg.a(libc_a-realloc.o)
                              CMakeFiles/tinyML.dir/home/vagner/pico/pico-sdk/src/rp2_common/pico_malloc/malloc.c.o (realloc)
/usr/lib/gcc/arm-none-eabi/13.2.1/../../../arm-none-eabi/lib/thumb/v6-m/nofp/libg.a(libc_a-mallocr.o)
                              /usr/lib/gcc/arm-none-eabi/13.2.1/../../../arm-none-eabi/lib/thumb/v6-m/nofp/libg.a(libc_a-callocr.o) (_malloc_r)
/usr/lib/gcc/arm-none-eabi/13.2.1/../../../arm-none-eabi/lib/thumb/v6-m/nofp/libg.a(libc_a-freer.o)
                              /usr/lib/gcc/arm-none-eabi/13.2.1/../../../arm-none-eabi/lib/thumb/v6-m/nofp/libg.a(libc_a-mallocr.o) (_free_r)
/usr/lib/gcc/arm-none-eabi/13.2.1/../../../arm-none-eabi/lib/thumb/v6-m/nofp/libg.a(libc_a-memcmp.o)
                              CMakeFiles/tinyML.dir/home/vagner/pico/pico-sdk/src/rp2_common/pico_atomic/atomic.c.o (memcmp)
/usr/lib/gcc/arm-none-eabi/13.2.1/../../../arm-none-eabi/lib/thumb/v6-m/nofp/libg.a(libc_a-malloc.o)
                              CMakeFiles/tinyML.dir/home/vagner/pico/pico-sdk/src/rp2_common/pico_malloc/malloc.c.o (malloc)
/usr/lib/gcc/arm-none-eabi/13.2.1/../../../arm-none-eabi/lib/thumb/v6-m/nofp/libg.a(libc_a-sysconf.o)
                              /usr/lib/gcc/arm-none-eabi/13.2.1/../../../arm-none-eabi/lib/thumb/v6-m/nofp/libg.a(libc_a-mallocr.o) (sysconf)
/usr/lib/gcc/arm-none-eabi/13.2.1/../../../arm-none-eabi/lib/thumb/v6-m/nofp/libg.a(libc_a-init.o)
                              /usr/lib/gcc/arm-none-eabi/13.2.1/../../../arm-none-eabi/lib/thumb/v6-m/nofp/crt0.o (__libc_init_array)
/usr/lib/gcc/arm-none-eabi/13.2.1/../../../arm-none-eabi/lib/thumb/v6-m/nofp/libg.a(libc_a-reallocr.o)
                              /usr/lib/gcc/arm-none-eabi/13.2.1/../../../arm-none-eabi/lib/thumb/v6-m/nofp/libg.a(libc_a-realloc.o) (_realloc_r)
/usr/lib/gcc/arm-none-eabi/13.2.1/../../../arm-none-eabi/lib/thumb/v6-m/nofp/libg.a(libc_a-mktime.o)
                              CMakeFiles/tinyML.dir/home/vagner/pico/pico-sdk/src/common/pico_util/datetime.c.o (mktime)
/usr/lib/gcc/arm-none-eabi/13.2.1/../../../arm-none-eabi/lib/thumb/v6-m/nofp/libg.a(libc_a-mlock.o)
                              /usr/lib/gcc/arm-none-eabi/13.2.1/../../../arm-none-eabi/lib/thumb/v6-m/nofp/libg.a(libc_a-mallocr.o) (__malloc_lock)
/usr/lib/gcc/arm-none-eabi/13.2.1/../../../arm-none-eabi/lib/thumb/v6-m/nofp/libg.a(libc_a-findfp.o)
                              /usr/lib/gcc/arm-none-eabi/13.2.1/../../../arm-none-eabi/lib/thumb/v6-m/nofp/libg.a(libc_a-impure.o) (__sf)
/usr/lib/gcc/arm-none-eabi/13.2.1/../../../arm-none-eabi/lib/thumb/v6-m/nofp/libg.a(libc_a-tzlock.o)
                              /usr/lib/gcc/arm-none-eabi/13.2.1/../../../arm-none-eabi/lib/thumb/v6-m/nofp/libg.a(libc_a-mktime.o) (__tz_lock)
/usr/lib/gcc/arm-none-eabi/13.2.1/../../../arm-none-eabi/lib/thumb/v6-m/nofp/libg.a(libc_a-ctype_.o)
                              CMakeFiles/tinyML.dir/lib/ssd1306_i2c.c.o (_ctype_)
/usr/lib/gcc/arm-none-eabi/13.2.1/../../../arm-none-eabi/lib/thumb/v6-m/nofp/libg.a(libc_a-atexit.o)
                              /usr/lib/gcc/arm-none-eabi/13.2.1/../../../arm-none-eabi/lib/thumb/v6-m/nofp/crt0.o (atexit)
/usr/lib/gcc/arm-none-eabi/13.2.1/../../../arm-none-eabi/lib/thumb/v6-m/nofp/libg.a(libc_a-lcltime_r.o)
                              CMakeFiles/tinyML.dir/home/vagner/pico/pico-sdk/src/common/pico_util/datetime.c.o (localtime_r)
/usr/lib/gcc/arm-none-eabi/13.2.1/../../../arm-none-eabi/lib/thumb/v6-m/nofp/libg.a(libc_a-strlen-stub.o)
                              CMakeFiles/tinyML.dir/home/vagner/pico/pico-sdk/src/rp2_common/pico_stdio/stdio.c.o (strlen)
/usr/lib/gcc/arm-none-eabi/13.2.1/../../../arm-none-eabi/lib/thumb/v6-m/nofp/libg.a(libc_a-sbrkr.o)
[...]
Memory Configuration

Name             Origin             Length             Attributes
FLASH            0x10000000         0x00200000         xr
RAM              0x20000000         0x00040000         xrw
SCRATCH_X        0x20040000         0x00001000         xrw
SCRATCH_Y        0x20041000         0x00001000         xrw
*default*        0x00000000         0xffffffff

Linker script and memory map

LOAD /usr/lib/gcc/arm-none-eabi/13.2.1/thumb/v6-m/nofp/crti.o
LOAD /usr/lib/gcc/arm-none-eabi/13.2.1/thumb/v6-m/nofp/crtbegin.o
LOAD /usr/lib/gcc/arm-none-eabi/13.2.1/../../../arm-none-eabi/lib/thumb/v6-m/nofp/crt0.o

.flash_begin    0x10000000        0x0
                0x10000000                        __flash_binary_start = .

.boot2          0x10000000      0x100
                0x10000000                        __boot2_start__ = .
 *(.boot2)
 .boot2         0x10000000      0x100 pico-sdk/src/rp2040/boot_stage2/CMakeFiles/bs2_default_library.dir/bs2_default_padded_checksummed.S.o
                0x10000100                        __boot2_end__ = .
                0x00000001                        ASSERT (((__boot2_end__ - __boot2_start__) == 0x100), ERROR: Pico second stage bootloader must be 256 bytes in size)

.text           0x10000100     0xa81c
                0x10000100                        __logical_binary_start = .
 *(.vectors)
 .vectors       0x10000100       0xd4 CMakeFiles/tinyML.dir/home/vagner/pico/pico-sdk/src/rp2_common/pico_crt0/crt0.S.o
                0x10000100                __vectors
                0x10000100                __VECTOR_TABLE
                0x100001c0                isr_invalid
                0x100001c0                __default_isrs_start
                0x100001c2                isr_nmi
                0x100001c4                isr_hardfault
                0x100001c6                isr_svcall
                0x100001c8                isr_pendsv
                0x100001ca                isr_systick
                0x100001cc                isr_irq30
                0x100001cc                __unhandled_user_irq
                0x100001cc                isr_irq13
                0x100001cc                isr_irq27
                0x100001cc                isr_irq31
                0x100001cc                isr_irq5
                0x100001cc                isr_irq11
                0x100001cc                isr_irq23
                0x100001cc                isr_irq18
                0x100001cc                isr_irq28
                0x100001cc                isr_irq19
                0x100001cc                isr_irq0
                0x100001cc                isr_irq6
                0x100001cc                isr_irq22
                0x100001cc                isr_irq17
                0x100001cc                isr_irq14
                0x100001cc                isr_irq2
                0x100001cc                isr_irq10
                0x100001cc                isr_irq8
                0x100001cc                isr_irq24
                0x100001cc                isr_irq1
                0x100001cc                isr_irq7
                0x100001cc                isr_irq21
                0x100001cc                isr_irq20
                0x100001cc                isr_irq15
                0x100001cc                isr_irq25
                0x100001cc                isr_irq4
                0x100001cc                isr_irq16
                0x100001cc                isr_irq29
                0x100001cc                isr_irq26
                0x100001cc                __default_isrs_end
                0x100001cc                isr_irq3
                0x100001cc                isr_irq12
                0x100001cc                isr_irq9
                0x100001d2                unhandled_user_irq_num_in_r0
 *(.binary_info_header)
 .binary_info_header
                0x100001d4       0x14 CMakeFiles/tinyML.dir/home/vagner/pico/pico-sdk/src/rp2_common/pico_crt0/crt0.S.o
                0x100001e8                        __binary_info_header_end = .
 *(.embedded_block)
                0x100001e8                        __embedded_block_end = .
 *(.reset)
 .reset         0x100001e8       0x9c CMakeFiles/tinyML.dir/home/vagner/pico/pico-sdk/src/rp2_common/pico_crt0/crt0.S.o
                0x100001e8                _entry_point
 *(.init)
 .init          0x10000284        0x4 /usr/lib/gcc/arm-none-eabi/13.2.1/thumb/v6-m/nofp/crti.o
                0x10000284                _init
 *(EXCLUDE_FILE(*libm.a: *libc.a:*lib_a-mem*.o *libgcc.a:) .text*)
 .text          0x10000288       0x98 /usr/lib/gcc/arm-none-eabi/13.2.1/thumb/v6-m/nofp/crtbegin.o
 .text.startup.main
                0x10000320       0xd4 CMakeFiles/tinyML.dir/main.c.o
                0x10000320                main
 .text.ssd1306_init
                0x100003f4       0x58 CMakeFiles/tinyML.dir/lib/ssd1306_i2c.c.o
                0x100003f4                ssd1306_init
 .text.render_on_display
                0x1000044c       0x98 CMakeFiles/tinyML.dir/lib/ssd1306_i2c.c.o
                0x1000044c                render_on_display
 .text.ssd1306_get_font
                0x100004e4       0x54 CMakeFiles/tinyML.dir/lib/ssd1306_i2c.c.o
                0x100004e4                ssd1306_get_font
 .text.ssd1306_draw_string
                0x10000538       0xb4 CMakeFiles/tinyML.dir/lib/ssd1306_i2c.c.o
                0x10000538                ssd1306_draw_string
 .text.button_a_task
                0x100005ec       0xc0 CMakeFiles/tinyML.dir/src/button_a.c.o
                0x100005ec                button_a_task
 .text.button_b_task
                0x100006ac       0xc0 CMakeFiles/tinyML.dir/src/button_b.c.o
                0x100006ac                button_b_task
 .text.button_j_task
                0x1000076c       0x4c CMakeFiles/tinyML.dir/src/button_j.c.o
                0x1000076c                button_j_task
 .text.ctrl_init
                0x100007b8       0x38 CMakeFiles/tinyML.dir/src/ctrl.c.o
                0x100007b8                ctrl_init
 .text.display_gate_task
                0x100007f0      0x20c CMakeFiles/tinyML.dir/src/display_gate.c.o
                0x100007f0                display_gate_task
 .text.led_rgb_init
                0x100009fc       0x64 CMakeFiles/tinyML.dir/src/led_rgb.c.o
                0x100009fc                led_rgb_init
 .text.led_rgb_set
                0x10000a60       0x3c CMakeFiles/tinyML.dir/src/led_rgb.c.o
                0x10000a60                led_rgb_set
 .text.display_init
                0x10000a9c       0x2c CMakeFiles/tinyML.dir/src/oled/display.c.o
                0x10000a9c                display_init
 .text.display_fill
                0x10000ac8       0x34 CMakeFiles/tinyML.dir/src/oled/display.c.o
                0x10000ac8                display_fill
 .text.display_msg
                0x10000afc       0x28 CMakeFiles/tinyML.dir/src/oled/display.c.o
                0x10000afc                display_msg
 .text.display_update
                0x10000b24       0x14 CMakeFiles/tinyML.dir/src/oled/display.c.o
                0x10000b24                display_update
 .text.i2c_bitdoglab_init
                0x10000b38       0x38 CMakeFiles/tinyML.dir/src/oled/i2c.c.o
                0x10000b38                i2c_bitdoglab_init
 .text.util_gera_e_envia_msg
                0x10000b70       0x64 CMakeFiles/tinyML.dir/src/util.c.o
                0x10000b70                util_gera_e_envia_msg
 .text.mpu6500_init
                0x10000bd4       0xac CMakeFiles/tinyML.dir/src/mpu6500.c.o
                0x10000bd4                mpu6500_init
 .text.mpu6500_read_accel_data
                0x10000c80       0xbc CMakeFiles/tinyML.dir/src/mpu6500.c.o
                0x10000c80                mpu6500_read_accel_data
 .text.mpu6500_get_queue
                0x10000d3c        0xc CMakeFiles/tinyML.dir/src/mpu6500.c.o
                0x10000d3c                mpu6500_get_queue
 .text.mpu6500_task
                0x10000d48       0x7c CMakeFiles/tinyML.dir/src/mpu6500.c.o
                0x10000d48                mpu6500_task
 .text.gpio_set_function
                0x10000dc4       0x34 CMakeFiles/tinyML.dir/home/vagner/pico/pico-sdk/src/rp2_common/hardware_gpio/gpio.c.o
                0x10000dc4                gpio_set_function
 .text.gpio_set_pulls
                0x10000df8       0x28 CMakeFiles/tinyML.dir/home/vagner/pico/pico-sdk/src/rp2_common/hardware_gpio/gpio.c.o
                0x10000df8                gpio_set_pulls
 .text.gpio_init
                0x10000e20       0x40 CMakeFiles/tinyML.dir/home/vagner/pico/pico-sdk/src/rp2_common/hardware_gpio/gpio.c.o
                0x10000e20                gpio_init
 .text.rp2040_chip_version
                0x10000e60        0xc CMakeFiles/tinyML.dir/home/vagner/pico/pico-sdk/src/rp2040/pico_platform/platform.c.o
                0x10000e60                rp2040_chip_version
 .text.panic    0x10000e6c       0x30 CMakeFiles/tinyML.dir/home/vagner/pico/pico-sdk/src/rp2_common/pico_platform_panic/panic.c.o
                0x10000e6c                panic
 .text.panic_unsupported
                0x10000e9c        0xc CMakeFiles/tinyML.dir/home/vagner/pico/pico-sdk/src/rp2_common/pico_platform_panic/panic.c.o
                0x10000e9c                panic_unsupported
 .text.hw_claim_or_assert
                0x10000ea8       0x44 CMakeFiles/tinyML.dir/home/vagner/pico/pico-sdk/src/common/hardware_claim/claim.c.o
                0x10000ea8                hw_claim_or_assert
 .text.hw_claim_unused_from_range
                0x10000eec       0x9c CMakeFiles/tinyML.dir/home/vagner/pico/pico-sdk/src/common/hardware_claim/claim.c.o
                0x10000eec                hw_claim_unused_from_range
 .text.next_striped_spin_lock_num
                0x10000f88       0x18 CMakeFiles/tinyML.dir/home/vagner/pico/pico-sdk/src/rp2_common/hardware_sync/sync.c.o
                0x10000f88                next_striped_spin_lock_num
 .text.spin_lock_claim_unused
                0x10000fa0       0x24 CMakeFiles/tinyML.dir/home/vagner/pico/pico-sdk/src/rp2_common/hardware_sync/sync.c.o
                0x10000fa0                spin_lock_claim_unused
 .text.spin_locks_reset
                0x10000fc4       0x1c CMakeFiles/tinyML.dir/home/vagner/pico/pico-sdk/src/rp2_common/hardware_sync_spin_lock/sync_spin_lock.c.o
                0x10000fc4                spin_locks_reset
 .text.runtime_init_per_core_irq_priorities
                0x10000fe0       0x24 CMakeFiles/tinyML.dir/home/vagner/pico/pico-sdk/src/rp2_common/hardware_irq/irq.c.o
                0x10000fe0                runtime_init_per_core_irq_priorities
 .text.irq_set_enabled
                0x10001004       0x24 CMakeFiles/tinyML.dir/home/vagner/pico/pico-sdk/src/rp2_common/hardware_irq/irq.c.o
                0x10001004                irq_set_enabled
 .text.irq_is_enabled
                0x10001028       0x18 CMakeFiles/tinyML.dir/home/vagner/pico/pico-sdk/src/rp2_common/hardware_irq/irq.c.o
                0x10001028                irq_is_enabled
 .text.irq_set_pending
                0x10001040       0x10 CMakeFiles/tinyML.dir/home/vagner/pico/pico-sdk/src/rp2_common/hardware_irq/irq.c.o
                0x10001040                irq_set_pending
 .text.irq_has_shared_handler
                0x10001050       0x2c CMakeFiles/tinyML.dir/home/vagner/pico/pico-sdk/src/rp2_common/hardware_irq/irq.c.o
                0x10001050                irq_has_shared_handler
 .text.irq_set_exclusive_handler
                0x1000107c       0x54 CMakeFiles/tinyML.dir/home/vagner/pico/pico-sdk/src/rp2_common/hardware_irq/irq.c.o
                0x1000107c                irq_set_exclusive_handler
 .text.irq_add_shared_handler
                0x100010d0      0x1f4 CMakeFiles/tinyML.dir/home/vagner/pico/pico-sdk/src/rp2_common/hardware_irq/irq.c.o
                0x100010d0                irq_add_shared_handler
 .text.irq_set_priority
                0x100012c4       0x28 CMakeFiles/tinyML.dir/home/vagner/pico/pico-sdk/src/rp2_common/hardware_irq/irq.c.o
                0x100012c4                irq_set_priority
 .text.irq_add_tail_to_free_list
                0x100012ec       0xb4 CMakeFiles/tinyML.dir/home/vagner/pico/pico-sdk/src/rp2_common/hardware_irq/irq.c.o
                0x100012ec                irq_add_tail_to_free_list
 .text.user_irq_claim_unused
                0x100013a0       0x2c CMakeFiles/tinyML.dir/home/vagner/pico/pico-sdk/src/rp2_common/hardware_irq/irq.c.o
                0x100013a0                user_irq_claim_unused
 .text.lock_init
                0x100013cc       0x10 CMakeFiles/tinyML.dir/home/vagner/pico/pico-sdk/src/common/pico_sync/lock_core.c.o
                0x100013cc                lock_init
 .text.runtime_init_mutex
                0x100013dc       0x54 CMakeFiles/tinyML.dir/home/vagner/pico/pico-sdk/src/common/pico_sync/mutex.c.o
                0x100013dc                runtime_init_mutex
 .text.mutex_init
                0x10001430       0x1c CMakeFiles/tinyML.dir/home/vagner/pico/pico-sdk/src/common/pico_sync/mutex.c.o
                0x10001430                mutex_init
 .text.critical_section_init
                0x1000144c       0x1c CMakeFiles/tinyML.dir/home/vagner/pico/pico-sdk/src/common/pico_sync/critical_section.c.o
                0x1000144c                critical_section_init
 .text.critical_section_init_with_lock_num
                0x10001468       0x14 CMakeFiles/tinyML.dir/home/vagner/pico/pico-sdk/src/common/pico_sync/critical_section.c.o
                0x10001468                critical_section_init_with_lock_num
 .text.alarm_pool_irq_handler
                0x1000147c      0x2fc CMakeFiles/tinyML.dir/home/vagner/pico/pico-sdk/src/common/pico_time/time.c.o
 .text.sleep_until_callback
                0x10001778       0x24 CMakeFiles/tinyML.dir/home/vagner/pico/pico-sdk/src/common/pico_time/time.c.o
 .text.runtime_init_default_alarm_pool
                0x1000179c       0xdc CMakeFiles/tinyML.dir/home/vagner/pico/pico-sdk/src/common/pico_time/time.c.o
                0x1000179c                runtime_init_default_alarm_pool
 .text.alarm_pool_get_default
                0x10001878        0x8 CMakeFiles/tinyML.dir/home/vagner/pico/pico-sdk/src/common/pico_time/time.c.o
                0x10001878                alarm_pool_get_default
 .text.alarm_pool_add_alarm_at
                0x10001880       0xd4 CMakeFiles/tinyML.dir/home/vagner/pico/pico-sdk/src/common/pico_time/time.c.o
                0x10001880                alarm_pool_add_alarm_at
 .text.alarm_pool_add_alarm_at_force_in_context
                0x10001954       0xb0 CMakeFiles/tinyML.dir/home/vagner/pico/pico-sdk/src/common/pico_time/time.c.o
                0x10001954                alarm_pool_add_alarm_at_force_in_context
 .text.alarm_pool_cancel_alarm
                0x10001a04       0x74 CMakeFiles/tinyML.dir/home/vagner/pico/pico-sdk/src/common/pico_time/time.c.o
                0x10001a04                alarm_pool_cancel_alarm
 .text.alarm_pool_core_num
                0x10001a78        0x4 CMakeFiles/tinyML.dir/home/vagner/pico/pico-sdk/src/common/pico_time/time.c.o
                0x10001a78                alarm_pool_core_num
 .text.sleep_until
                0x10001a7c       0xcc CMakeFiles/tinyML.dir/home/vagner/pico/pico-sdk/src/common/pico_time/time.c.o
                0x10001a7c                sleep_until
 .text.sleep_ms
                0x10001b48       0x38 CMakeFiles/tinyML.dir/home/vagner/pico/pico-sdk/src/common/pico_time/time.c.o
                0x10001b48                sleep_ms
 .text.best_effort_wfe_or_timeout
                0x10001b80       0xe0 CMakeFiles/tinyML.dir/home/vagner/pico/pico-sdk/src/common/pico_time/time.c.o
                0x10001b80                best_effort_wfe_or_timeout
 .text.timer_hardware_alarm_claim
                0x10001c60       0x14 CMakeFiles/tinyML.dir/home/vagner/pico/pico-sdk/src/rp2_common/hardware_timer/timer.c.o
                0x10001c60                timer_hardware_alarm_claim
 .text.timer_time_us_64
                0x10001c74       0x10 CMakeFiles/tinyML.dir/home/vagner/pico/pico-sdk/src/rp2_common/hardware_timer/timer.c.o
                0x10001c74                timer_time_us_64
 .text.time_us_64
                0x10001c84       0x14 CMakeFiles/tinyML.dir/home/vagner/pico/pico-sdk/src/rp2_common/hardware_timer/timer.c.o
                0x10001c84                time_us_64
 .text.busy_wait_until
                0x10001c98       0x20 CMakeFiles/tinyML.dir/home/vagner/pico/pico-sdk/src/rp2_common/hardware_timer/timer.c.o
                0x10001c98                busy_wait_until
 .text.clock_configure_int_divider
                0x10001cb8       0xf4 CMakeFiles/tinyML.dir/home/vagner/pico/pico-sdk/src/rp2_common/hardware_clocks/clocks.c.o
                0x10001cb8                clock_configure_int_divider
 .text.clock_configure_undivided
                0x10001dac       0xe8 CMakeFiles/tinyML.dir/home/vagner/pico/pico-sdk/src/rp2_common/hardware_clocks/clocks.c.o
                0x10001dac                clock_configure_undivided
 .text.clock_get_hz
                0x10001e94        0xc CMakeFiles/tinyML.dir/home/vagner/pico/pico-sdk/src/rp2_common/hardware_clocks/clocks.c.o
                0x10001e94                clock_get_hz
 .text.pll_init
                0x10001ea0       0xa4 CMakeFiles/tinyML.dir/home/vagner/pico/pico-sdk/src/rp2_common/hardware_pll/pll.c.o
                0x10001ea0                pll_init
 .text.watchdog_reboot
                0x10001f44       0x9c CMakeFiles/tinyML.dir/home/vagner/pico/pico-sdk/src/rp2_common/hardware_watchdog/watchdog.c.o
                0x10001f44                watchdog_reboot
 .text.tick_start
                0x10001fe0       0x10 CMakeFiles/tinyML.dir/home/vagner/pico/pico-sdk/src/rp2_common/hardware_ticks/ticks.c.o
                0x10001fe0                tick_start
 .text.rom_func_lookup
                0x10001ff0       0x10 CMakeFiles/tinyML.dir/home/vagner/pico/pico-sdk/src/rp2_common/pico_bootrom/bootrom.c.o
                0x10001ff0                rom_func_lookup
 .text.rom_data_lookup
                0x10002000       0x10 CMakeFiles/tinyML.dir/home/vagner/pico/pico-sdk/src/rp2_common/pico_bootrom/bootrom.c.o
                0x10002000                rom_data_lookup
 .text.rom_funcs_lookup
                0x10002010       0x44 CMakeFiles/tinyML.dir/home/vagner/pico/pico-sdk/src/rp2_common/pico_bootrom/bootrom.c.o
                0x10002010                rom_funcs_lookup
 .text.rom_reset_usb_boot_extra
                0x10002054       0x28 CMakeFiles/tinyML.dir/home/vagner/pico/pico-sdk/src/rp2_common/pico_bootrom/bootrom.c.o
                0x10002054                rom_reset_usb_boot_extra
 .text.xosc_init
                0x1000207c       0x28 CMakeFiles/tinyML.dir/home/vagner/pico/pico-sdk/src/rp2_common/hardware_xosc/xosc.c.o
                0x1000207c                xosc_init
 .text.first_per_core_initializer
                0x100020a4        0x4 CMakeFiles/tinyML.dir/home/vagner/pico/pico-sdk/src/rp2_common/pico_runtime/runtime.c.o
 .text.hard_assertion_failure
                0x100020a8        0xc CMakeFiles/tinyML.dir/home/vagner/pico/pico-sdk/src/rp2_common/pico_runtime/runtime.c.o
                0x100020a8                hard_assertion_failure
 .text.runtime_run_initializers
                0x100020b4       0x28 CMakeFiles/tinyML.dir/home/vagner/pico/pico-sdk/src/rp2_common/pico_runtime/runtime.c.o
                0x100020b4                runtime_run_initializers
 .text.runtime_init_early_resets
                0x100020dc       0x2c CMakeFiles/tinyML.dir/home/vagner/pico/pico-sdk/src/rp2_common/pico_runtime_init/runtime_init.c.o
                0x100020dc                runtime_init_early_resets
 .text.runtime_init_usb_power_down
                0x10002108       0x1c CMakeFiles/tinyML.dir/home/vagner/pico/pico-sdk/src/rp2_common/pico_runtime_init/runtime_init.c.o
                0x10002108                runtime_init_usb_power_down
 .text.runtime_init_post_clock_resets
                0x10002124       0x20 CMakeFiles/tinyML.dir/home/vagner/pico/pico-sdk/src/rp2_common/pico_runtime_init/runtime_init.c.o
                0x10002124                runtime_init_post_clock_resets
 .text.runtime_init_rp2040_gpio_ie_disable
                0x10002144       0x14 CMakeFiles/tinyML.dir/home/vagner/pico/pico-sdk/src/rp2_common/pico_runtime_init/runtime_init.c.o
                0x10002144                runtime_init_rp2040_gpio_ie_disable
 .text.runtime_init_spin_locks_reset
                0x10002158        0x8 CMakeFiles/tinyML.dir/home/vagner/pico/pico-sdk/src/rp2_common/pico_runtime_init/runtime_init.c.o
                0x10002158                runtime_init_spin_locks_reset
 .text.runtime_init_install_ram_vector_table
                0x10002160       0x1c CMakeFiles/tinyML.dir/home/vagner/pico/pico-sdk/src/rp2_common/pico_runtime_init/runtime_init.c.o
                0x10002160                runtime_init_install_ram_vector_table
 .text.runtime_init_clocks
                0x1000217c       0xd8 CMakeFiles/tinyML.dir/home/vagner/pico/pico-sdk/src/rp2_common/pico_runtime_init/runtime_init_clocks.c.o
                0x1000217c                runtime_init_clocks
 .text          0x10002254       0x10 CMakeFiles/tinyML.dir/home/vagner/pico/pico-sdk/src/rp2_common/pico_bit_ops/bit_ops_aeabi.S.o
 .text.__wrap___aeabi_idiv
                0x10002264       0x50 CMakeFiles/tinyML.dir/home/vagner/pico/pico-sdk/src/rp2_common/pico_divider/divider_hardware.S.o
                0x10002264                __wrap___aeabi_idivmod
                0x10002264                divmod_s32s32
                0x10002264                div_s32s32
                0x10002264                __wrap___aeabi_idiv
                0x1000226c                divmod_s32s32_unsafe
                0x10002298                divmod_s32s32_savestate
 .text.__wrap___aeabi_uidiv
                0x100022b4       0x4c CMakeFiles/tinyML.dir/home/vagner/pico/pico-sdk/src/rp2_common/pico_divider/divider_hardware.S.o
                0x100022b4                __wrap___aeabi_uidiv
                0x100022b4                __wrap___aeabi_uidivmod
                0x100022b4                div_u32u32
                0x100022b4                divmod_u32u32
                0x100022bc                divmod_u32u32_unsafe
                0x100022e4                divmod_u32u32_savestate
 .text.__wrap___aeabi_ldiv
                0x10002300      0x424 CMakeFiles/tinyML.dir/home/vagner/pico/pico-sdk/src/rp2_common/pico_divider/divider_hardware.S.o
                0x10002300                div_s64s64
                0x10002300                divmod_s64s64
                0x10002300                __wrap___aeabi_ldivmod
                0x10002330                div_u64u64
                0x10002330                divmod_u64u64
                0x10002330                __wrap___aeabi_uldivmod
                0x10002340                divmod_u64u64_savestate
                0x10002360                divmod_s64s64_unsafe
                0x100023e8                divmod_u64u64_unsafe
 .text.__wrap___aeabi_darithmetic
                0x10002724       0x80 CMakeFiles/tinyML.dir/home/vagner/pico/pico-sdk/src/rp2_common/pico_double/double_aeabi_rp2040.S.o
                0x10002724                __wrap___aeabi_drsub
                0x1000272a                __wrap___aeabi_dsub
                0x1000273c                __wrap___aeabi_dadd
                0x1000274e                __wrap___aeabi_ddiv
                0x1000278a                __wrap___aeabi_dmul
 .text.__wrap___aeabi_cdcmple
                0x100027a4       0x6c CMakeFiles/tinyML.dir/home/vagner/pico/pico-sdk/src/rp2_common/pico_double/double_aeabi_rp2040.S.o
                0x100027a4                __wrap___aeabi_cdrcmple
                0x100027b4                __wrap___aeabi_cdcmple
                0x100027b4                __wrap___aeabi_cdcmpeq
 .text.__wrap___aeabi_dcmplt
                0x10002810        0xc CMakeFiles/tinyML.dir/home/vagner/pico/pico-sdk/src/rp2_common/pico_double/double_aeabi_rp2040.S.o
                0x10002810                __wrap___aeabi_dcmplt
 .text.__wrap___aeabi_dcmpge
                0x1000281c       0x10 CMakeFiles/tinyML.dir/home/vagner/pico/pico-sdk/src/rp2_common/pico_double/double_aeabi_rp2040.S.o
                0x1000281c                __wrap___aeabi_dcmpge
 .text.__wrap___aeabi_dcmpgt
                0x1000282c        0xa CMakeFiles/tinyML.dir/home/vagner/pico/pico-sdk/src/rp2_common/pico_double/double_aeabi_rp2040.S.o
                0x1000282c                __wrap___aeabi_dcmpgt
 .text.__wrap___aeabi_dcmpun
                0x10002836       0x18 CMakeFiles/tinyML.dir/home/vagner/pico/pico-sdk/src/rp2_common/pico_double/double_aeabi_rp2040.S.o
                0x10002836                __wrap___aeabi_dcmpun
 *fill*         0x1000284e        0x2 
 .text.__wrap___aeabi_i2d
                0x10002850       0x38 CMakeFiles/tinyML.dir/home/vagner/pico/pico-sdk/src/rp2_common/pico_double/double_aeabi_rp2040.S.o
                0x10002850                __wrap___aeabi_ui2d
                0x10002858                __wrap___aeabi_i2d
 .text.__wrap___aeabi_d2iz
                0x10002888       0x48 CMakeFiles/tinyML.dir/home/vagner/pico/pico-sdk/src/rp2_common/pico_double/double_aeabi_rp2040.S.o
                0x10002888                __wrap___aeabi_d2iz
                0x10002888                double2int_z
 .text.__wrap___aeabi_d2uiz
                0x100028d0       0x18 CMakeFiles/tinyML.dir/home/vagner/pico/pico-sdk/src/rp2_common/pico_double/double_aeabi_rp2040.S.o
                0x100028d0                double2uint
                0x100028d0                __wrap___aeabi_d2uiz
 .text.__aeabi_double_init
                0x100028e8       0xa4 CMakeFiles/tinyML.dir/home/vagner/pico/pico-sdk/src/rp2_common/pico_double/double_init_rom_rp2040.c.o
                0x100028e8                __aeabi_double_init
 .text.double_table_shim_on_use_helper
                0x1000298c       0x2c CMakeFiles/tinyML.dir/home/vagner/pico/pico-sdk/src/rp2_common/pico_double/double_v1_rom_shim_rp2040.S.o
                0x1000298c                double_table_shim_on_use_helper
 .text.__wrap___aeabi_dsub
                0x100029b8       0x10 CMakeFiles/tinyML.dir/home/vagner/pico/pico-sdk/src/rp2_common/pico_double/double_v1_rom_shim_rp2040.S.o
                0x100029b8                drsub_shim
                0x100029be                dsub_shim
 .text.dadd_shim
                0x100029c8      0x15c CMakeFiles/tinyML.dir/home/vagner/pico/pico-sdk/src/rp2_common/pico_double/double_v1_rom_shim_rp2040.S.o
                0x100029c8                dadd_shim
 .text.dmul_shim
                0x10002b24      0x15c CMakeFiles/tinyML.dir/home/vagner/pico/pico-sdk/src/rp2_common/pico_double/double_v1_rom_shim_rp2040.S.o
                0x10002b24                dmul_shim
 .text.ddiv_shim
                0x10002c80      0x1b0 CMakeFiles/tinyML.dir/home/vagner/pico/pico-sdk/src/rp2_common/pico_double/double_v1_rom_shim_rp2040.S.o
                0x10002c80                ddiv_shim
 .text.double2uint_shim
                0x10002e30        0xe CMakeFiles/tinyML.dir/home/vagner/pico/pico-sdk/src/rp2_common/pico_double/double_v1_rom_shim_rp2040.S.o
                0x10002e30                double2uint_shim
                0x10002e32                double2ufix_shim
 *fill*         0x10002e3e        0x2 
 .text.double2uint64_shim
                0x10002e40       0x70 CMakeFiles/tinyML.dir/home/vagner/pico/pico-sdk/src/rp2_common/pico_double/double_v1_rom_shim_rp2040.S.o
                0x10002e40                double2uint64_shim
                0x10002e42                double2ufix64_shim
                0x10002e62                d2fix_a
 .text.dunpacks
                0x10002eb0       0x3c CMakeFiles/tinyML.dir/home/vagner/pico/pico-sdk/src/rp2_common/pico_double/double_v1_rom_shim_rp2040.S.o
                0x10002eb0                dunpacks
 .text.__aeabi_lmul
                0x10002eec       0x32 CMakeFiles/tinyML.dir/home/vagner/pico/pico-sdk/src/rp2_common/pico_int64_ops/pico_int64_ops_aeabi.S.o
                0x10002eec                __wrap___aeabi_lmul
 *fill*         0x10002f1e        0x2 
 .text.__wrap___aeabi_farithmetic
                0x10002f20       0x48 CMakeFiles/tinyML.dir/home/vagner/pico/pico-sdk/src/rp2_common/pico_float/float_aeabi_rp2040.S.o
                0x10002f20                __wrap___aeabi_frsub
                0x10002f26                __wrap___aeabi_fsub
                0x10002f2c                __wrap___aeabi_fadd
                0x10002f32                __wrap___aeabi_fdiv
                0x10002f5a                __wrap___aeabi_fmul
 .text.__wrap___aeabi_i2f
                0x10002f68       0x44 CMakeFiles/tinyML.dir/home/vagner/pico/pico-sdk/src/rp2_common/pico_float/float_aeabi_rp2040.S.o
                0x10002f68                int2float
                0x10002f68                __wrap___aeabi_i2f
 .text.__wrap___aeabi_f2d
                0x10002fac       0x14 CMakeFiles/tinyML.dir/home/vagner/pico/pico-sdk/src/rp2_common/pico_float/float_aeabi_rp2040.S.o
                0x10002fac                __wrap___aeabi_f2d
 .text.__aeabi_float_init
                0x10002fc0       0x64 CMakeFiles/tinyML.dir/home/vagner/pico/pico-sdk/src/rp2_common/pico_float/float_init_rom_rp2040.c.o
                0x10002fc0                __aeabi_float_init
 .text.float_table_shim_on_use_helper
                0x10003024       0x2c CMakeFiles/tinyML.dir/home/vagner/pico/pico-sdk/src/rp2_common/pico_float/float_v1_rom_shim_rp2040.S.o
                0x10003024                float_table_shim_on_use_helper
 .text.float2double_shim
                0x10003050       0x30 CMakeFiles/tinyML.dir/home/vagner/pico/pico-sdk/src/rp2_common/pico_float/float_v1_rom_shim_rp2040.S.o
                0x10003050                float2double_shim
 .text.__wrap_malloc
                0x10003080       0x3c CMakeFiles/tinyML.dir/home/vagner/pico/pico-sdk/src/rp2_common/pico_malloc/malloc.c.o
                0x10003080                __wrap_malloc
 .text.__wrap_free
                0x100030bc       0x20 CMakeFiles/tinyML.dir/home/vagner/pico/pico-sdk/src/rp2_common/pico_malloc/malloc.c.o
                0x100030bc                __wrap_free
 .text          0x100030dc       0x10 CMakeFiles/tinyML.dir/home/vagner/pico/pico-sdk/src/rp2_common/pico_mem_ops/mem_ops_aeabi.S.o
                0x100030dc                __aeabi_mem_init
 .text.memset   0x100030ec        0xc CMakeFiles/tinyML.dir/home/vagner/pico/pico-sdk/src/rp2_common/pico_mem_ops/mem_ops_aeabi.S.o
                0x100030ec                __wrap_memset
 .text.memcpy   0x100030f8        0xc CMakeFiles/tinyML.dir/home/vagner/pico/pico-sdk/src/rp2_common/pico_mem_ops/mem_ops_aeabi.S.o
                0x100030f8                __wrap___aeabi_memcpy
                0x100030f8                __wrap_memcpy
 .text._out_buffer
                0x10003104        0x8 CMakeFiles/tinyML.dir/home/vagner/pico/pico-sdk/src/rp2_common/pico_printf/printf.c.o
 .text._out_null
                0x1000310c        0x4 CMakeFiles/tinyML.dir/home/vagner/pico/pico-sdk/src/rp2_common/pico_printf/printf.c.o
 .text._out_rev
                0x10003110       0xac CMakeFiles/tinyML.dir/home/vagner/pico/pico-sdk/src/rp2_common/pico_printf/printf.c.o
 .text._ntoa_format
                0x100031bc      0x250 CMakeFiles/tinyML.dir/home/vagner/pico/pico-sdk/src/rp2_common/pico_printf/printf.c.o
 .text._out_char
                0x1000340c       0x10 CMakeFiles/tinyML.dir/home/vagner/pico/pico-sdk/src/rp2_common/pico_printf/printf.c.o
 .text._out_fct
                0x1000341c       0x10 CMakeFiles/tinyML.dir/home/vagner/pico/pico-sdk/src/rp2_common/pico_printf/printf.c.o
 .text._etoa    0x1000342c      0x464 CMakeFiles/tinyML.dir/home/vagner/pico/pico-sdk/src/rp2_common/pico_printf/printf.c.o
 .text._ftoa    0x10003890      0x3c0 CMakeFiles/tinyML.dir/home/vagner/pico/pico-sdk/src/rp2_common/pico_printf/printf.c.o
 .text._vsnprintf
                0x10003c50      0xbc8 CMakeFiles/tinyML.dir/home/vagner/pico/pico-sdk/src/rp2_common/pico_printf/printf.c.o
 .text.__wrap_sprintf
                0x10004818       0x2c CMakeFiles/tinyML.dir/home/vagner/pico/pico-sdk/src/rp2_common/pico_printf/printf.c.o
                0x10004818                __wrap_sprintf
 .text.__wrap_snprintf
                0x10004844       0x28 CMakeFiles/tinyML.dir/home/vagner/pico/pico-sdk/src/rp2_common/pico_printf/printf.c.o
                0x10004844                __wrap_snprintf
 .text.vfctprintf
                0x1000486c       0x20 CMakeFiles/tinyML.dir/home/vagner/pico/pico-sdk/src/rp2_common/pico_printf/printf.c.o
                0x1000486c                vfctprintf
 .text.weak_raw_vprintf
                0x1000488c       0x30 CMakeFiles/tinyML.dir/home/vagner/pico/pico-sdk/src/rp2_common/pico_printf/printf.c.o
                0x1000488c                weak_raw_vprintf
 .text._exit    0x100048bc        0x4 CMakeFiles/tinyML.dir/home/vagner/pico/pico-sdk/src/rp2_common/pico_clib_interface/newlib_interface.c.o
                0x100048bc                _exit
 .text._sbrk    0x100048c0       0x34 CMakeFiles/tinyML.dir/home/vagner/pico/pico-sdk/src/rp2_common/pico_clib_interface/newlib_interface.c.o
                0x100048c0                _sbrk
 .text.exit     0x100048f4        0x8 CMakeFiles/tinyML.dir/home/vagner/pico/pico-sdk/src/rp2_common/pico_clib_interface/newlib_interface.c.o
                0x100048f4                exit
 .text.runtime_init
                0x100048fc       0x2c CMakeFiles/tinyML.dir/home/vagner/pico/pico-sdk/src/rp2_common/pico_clib_interface/newlib_interface.c.o
                0x100048fc                runtime_init
 .text.stdio_out_chars_no_crlf
                0x10004928       0x10 CMakeFiles/tinyML.dir/home/vagner/pico/pico-sdk/src/rp2_common/pico_stdio/stdio.c.o
 .text.stdio_out_chars_crlf
                0x10004938       0x94 CMakeFiles/tinyML.dir/home/vagner/pico/pico-sdk/src/rp2_common/pico_stdio/stdio.c.o
 .text.stdio_buffered_printer
                0x100049cc       0x64 CMakeFiles/tinyML.dir/home/vagner/pico/pico-sdk/src/rp2_common/pico_stdio/stdio.c.o
 .text.stdio_put_string
                0x10004a30      0x100 CMakeFiles/tinyML.dir/home/vagner/pico/pico-sdk/src/rp2_common/pico_stdio/stdio.c.o
                0x10004a30                stdio_put_string
 .text.stdio_set_driver_enabled
                0x10004b30       0x30 CMakeFiles/tinyML.dir/home/vagner/pico/pico-sdk/src/rp2_common/pico_stdio/stdio.c.o
                0x10004b30                stdio_set_driver_enabled
 .text.stdio_init_all
                0x10004b60        0x8 CMakeFiles/tinyML.dir/home/vagner/pico/pico-sdk/src/rp2_common/pico_stdio/stdio.c.o
                0x10004b60                stdio_init_all
 .text.__wrap_putchar
                0x10004b68       0x98 CMakeFiles/tinyML.dir/home/vagner/pico/pico-sdk/src/rp2_common/pico_stdio/stdio.c.o
                0x10004b68                stdio_putchar
                0x10004b68                __wrap_putchar
 .text.__wrap_puts
                0x10004c00       0x3c CMakeFiles/tinyML.dir/home/vagner/pico/pico-sdk/src/rp2_common/pico_stdio/stdio.c.o
                0x10004c00                __wrap_puts
                0x10004c00                stdio_puts
 .text.__wrap_vprintf
                0x10004c3c       0xd4 CMakeFiles/tinyML.dir/home/vagner/pico/pico-sdk/src/rp2_common/pico_stdio/stdio.c.o
                0x10004c3c                __wrap_vprintf
                0x10004c3c                stdio_vprintf
 .text.__wrap_printf
                0x10004d10       0x18 CMakeFiles/tinyML.dir/home/vagner/pico/pico-sdk/src/rp2_common/pico_stdio/stdio.c.o
                0x10004d10                stdio_printf
                0x10004d10                __wrap_printf
 .text.resetd_init
                0x10004d28        0x4 CMakeFiles/tinyML.dir/home/vagner/pico/pico-sdk/src/rp2_common/pico_stdio_usb/reset_interface.c.o
 .text.resetd_reset
                0x10004d2c        0xc CMakeFiles/tinyML.dir/home/vagner/pico/pico-sdk/src/rp2_common/pico_stdio_usb/reset_interface.c.o
 .text.resetd_open
                0x10004d38       0x28 CMakeFiles/tinyML.dir/home/vagner/pico/pico-sdk/src/rp2_common/pico_stdio_usb/reset_interface.c.o
 .text.resetd_xfer_cb
                0x10004d60        0x4 CMakeFiles/tinyML.dir/home/vagner/pico/pico-sdk/src/rp2_common/pico_stdio_usb/reset_interface.c.o
 .text.resetd_control_xfer_cb
                0x10004d64       0x5c CMakeFiles/tinyML.dir/home/vagner/pico/pico-sdk/src/rp2_common/pico_stdio_usb/reset_interface.c.o
 .text.tud_descriptor_bos_cb
                0x10004dc0        0x8 CMakeFiles/tinyML.dir/home/vagner/pico/pico-sdk/src/rp2_common/pico_stdio_usb/reset_interface.c.o
                0x10004dc0                tud_descriptor_bos_cb
 .text.tud_vendor_control_xfer_cb
                0x10004dc8       0x34 CMakeFiles/tinyML.dir/home/vagner/pico/pico-sdk/src/rp2_common/pico_stdio_usb/reset_interface.c.o
                0x10004dc8                tud_vendor_control_xfer_cb
 .text.usbd_app_driver_get_cb
                0x10004dfc        0xc CMakeFiles/tinyML.dir/home/vagner/pico/pico-sdk/src/rp2_common/pico_stdio_usb/reset_interface.c.o
                0x10004dfc                usbd_app_driver_get_cb
 .text.tud_cdc_line_coding_cb
                0x10004e08       0x2c CMakeFiles/tinyML.dir/home/vagner/pico/pico-sdk/src/rp2_common/pico_stdio_usb/reset_interface.c.o
                0x10004e08                tud_cdc_line_coding_cb
 .text.stdio_usb_set_chars_available_callback
                0x10004e34       0x14 CMakeFiles/tinyML.dir/home/vagner/pico/pico-sdk/src/rp2_common/pico_stdio_usb/stdio_usb.c.o
                0x10004e34                stdio_usb_set_chars_available_callback
 .text.usb_irq  0x10004e48       0x10 CMakeFiles/tinyML.dir/home/vagner/pico/pico-sdk/src/rp2_common/pico_stdio_usb/stdio_usb.c.o
 .text.timer_task
                0x10004e58       0x64 CMakeFiles/tinyML.dir/home/vagner/pico/pico-sdk/src/rp2_common/pico_stdio_usb/stdio_usb.c.o
 .text.stdio_usb_in_chars
                0x10004ebc       0x90 CMakeFiles/tinyML.dir/home/vagner/pico/pico-sdk/src/rp2_common/pico_stdio_usb/stdio_usb.c.o
                0x10004ebc                stdio_usb_in_chars
 .text.stdio_usb_out_flush
                0x10004f4c       0x50 CMakeFiles/tinyML.dir/home/vagner/pico/pico-sdk/src/rp2_common/pico_stdio_usb/stdio_usb.c.o
 .text.stdio_usb_out_chars
                0x10004f9c      0x104 CMakeFiles/tinyML.dir/home/vagner/pico/pico-sdk/src/rp2_common/pico_stdio_usb/stdio_usb.c.o
 .text.low_priority_worker_irq
                0x100050a0       0xcc CMakeFiles/tinyML.dir/home/vagner/pico/pico-sdk/src/rp2_common/pico_stdio_usb/stdio_usb.c.o
 .text.stdio_usb_init
                0x1000516c       0xe8 CMakeFiles/tinyML.dir/home/vagner/pico/pico-sdk/src/rp2_common/pico_stdio_usb/stdio_usb.c.o
                0x1000516c                stdio_usb_init
 .text.tud_descriptor_device_cb
                0x10005254        0x8 CMakeFiles/tinyML.dir/home/vagner/pico/pico-sdk/src/rp2_common/pico_stdio_usb/stdio_usb_descriptors.c.o
                0x10005254                tud_descriptor_device_cb
 .text.tud_descriptor_configuration_cb
                0x1000525c        0x8 CMakeFiles/tinyML.dir/home/vagner/pico/pico-sdk/src/rp2_common/pico_stdio_usb/stdio_usb_descriptors.c.o
                0x1000525c                tud_descriptor_configuration_cb
 .text.tud_descriptor_string_cb
                0x10005264       0x78 CMakeFiles/tinyML.dir/home/vagner/pico/pico-sdk/src/rp2_common/pico_stdio_usb/stdio_usb_descriptors.c.o
                0x10005264                tud_descriptor_string_cb
 .text.startup._retrieve_unique_id_on_boot
                0x100052dc       0x10 CMakeFiles/tinyML.dir/home/vagner/pico/pico-sdk/src/rp2_common/pico_unique_id/unique_id.c.o
 .text.pico_get_unique_board_id_string
                0x100052ec      0x1a8 CMakeFiles/tinyML.dir/home/vagner/pico/pico-sdk/src/rp2_common/pico_unique_id/unique_id.c.o
                0x100052ec                pico_get_unique_board_id_string
 .text.flash_get_unique_id
                0x10005494       0x3c CMakeFiles/tinyML.dir/home/vagner/pico/pico-sdk/src/rp2_common/hardware_flash/flash.c.o
                0x10005494                flash_get_unique_id
 .text.dcd_init
                0x100054d0       0x8c CMakeFiles/tinyML.dir/home/vagner/pico/pico-sdk/lib/tinyusb/src/portable/raspberrypi/rp2040/dcd_rp2040.c.o
                0x100054d0                dcd_init
 .text.dcd_int_enable
                0x1000555c        0xc CMakeFiles/tinyML.dir/home/vagner/pico/pico-sdk/lib/tinyusb/src/portable/raspberrypi/rp2040/dcd_rp2040.c.o
                0x1000555c                dcd_int_enable
 .text.dcd_set_address
                0x10005568       0x14 CMakeFiles/tinyML.dir/home/vagner/pico/pico-sdk/lib/tinyusb/src/portable/raspberrypi/rp2040/dcd_rp2040.c.o
                0x10005568                dcd_set_address
 .text.dcd_sof_enable
                0x1000557c       0x1c CMakeFiles/tinyML.dir/home/vagner/pico/pico-sdk/lib/tinyusb/src/portable/raspberrypi/rp2040/dcd_rp2040.c.o
                0x1000557c                dcd_sof_enable
 .text.dcd_edpt0_status_complete
                0x10005598       0x1c CMakeFiles/tinyML.dir/home/vagner/pico/pico-sdk/lib/tinyusb/src/portable/raspberrypi/rp2040/dcd_rp2040.c.o
                0x10005598                dcd_edpt0_status_complete
 .text.dcd_edpt_open
                0x100055b4      0x108 CMakeFiles/tinyML.dir/home/vagner/pico/pico-sdk/lib/tinyusb/src/portable/raspberrypi/rp2040/dcd_rp2040.c.o
                0x100055b4                dcd_edpt_open
 .text.dcd_edpt_close_all
                0x100056bc        0x8 CMakeFiles/tinyML.dir/home/vagner/pico/pico-sdk/lib/tinyusb/src/portable/raspberrypi/rp2040/dcd_rp2040.c.o
                0x100056bc                dcd_edpt_close_all
 .text.dcd_edpt_xfer
                0x100056c4       0x24 CMakeFiles/tinyML.dir/home/vagner/pico/pico-sdk/lib/tinyusb/src/portable/raspberrypi/rp2040/dcd_rp2040.c.o
                0x100056c4                dcd_edpt_xfer
 .text.dcd_edpt_stall
                0x100056e8       0x34 CMakeFiles/tinyML.dir/home/vagner/pico/pico-sdk/lib/tinyusb/src/portable/raspberrypi/rp2040/dcd_rp2040.c.o
                0x100056e8                dcd_edpt_stall
 .text.dcd_edpt_clear_stall
                0x1000571c       0x30 CMakeFiles/tinyML.dir/home/vagner/pico/pico-sdk/lib/tinyusb/src/portable/raspberrypi/rp2040/dcd_rp2040.c.o
                0x1000571c                dcd_edpt_clear_stall
 .text.rp2040_usb_init
                0x1000574c       0x40 CMakeFiles/tinyML.dir/home/vagner/pico/pico-sdk/lib/tinyusb/src/portable/raspberrypi/rp2040/rp2040_usb.c.o
                0x1000574c                rp2040_usb_init
 .text.hw_endpoint_xfer_start
                0x1000578c       0x40 CMakeFiles/tinyML.dir/home/vagner/pico/pico-sdk/lib/tinyusb/src/portable/raspberrypi/rp2040/rp2040_usb.c.o
                0x1000578c                hw_endpoint_xfer_start
 .text.tud_event_hook_cb
                0x100057cc        0x4 CMakeFiles/tinyML.dir/home/vagner/pico/pico-sdk/lib/tinyusb/src/device/usbd.c.o
                0x100057cc                tud_event_hook_cb
 .text.tud_sof_cb
                0x100057d0        0x4 CMakeFiles/tinyML.dir/home/vagner/pico/pico-sdk/lib/tinyusb/src/device/usbd.c.o
                0x100057d0                tud_sof_cb
 .text.tud_descriptor_device_qualifier_cb
                0x100057d4        0x4 CMakeFiles/tinyML.dir/home/vagner/pico/pico-sdk/lib/tinyusb/src/device/usbd.c.o
                0x100057d4                tud_descriptor_device_qualifier_cb
 .text.tud_descriptor_other_speed_configuration_cb
                0x100057d8        0x4 CMakeFiles/tinyML.dir/home/vagner/pico/pico-sdk/lib/tinyusb/src/device/usbd.c.o
                0x100057d8                tud_descriptor_other_speed_configuration_cb
 .text.tud_mount_cb
                0x100057dc        0x4 CMakeFiles/tinyML.dir/home/vagner/pico/pico-sdk/lib/tinyusb/src/device/usbd.c.o
                0x100057dc                tud_mount_cb
 .text.tud_umount_cb
                0x100057e0        0x4 CMakeFiles/tinyML.dir/home/vagner/pico/pico-sdk/lib/tinyusb/src/device/usbd.c.o
                0x100057e0                tud_umount_cb
 .text.tud_suspend_cb
                0x100057e4        0x4 CMakeFiles/tinyML.dir/home/vagner/pico/pico-sdk/lib/tinyusb/src/device/usbd.c.o
                0x100057e4                tud_suspend_cb
 .text.tud_resume_cb
                0x100057e8        0x4 CMakeFiles/tinyML.dir/home/vagner/pico/pico-sdk/lib/tinyusb/src/device/usbd.c.o
                0x100057e8                tud_resume_cb
 .text.tud_mounted
                0x100057ec       0x10 CMakeFiles/tinyML.dir/home/vagner/pico/pico-sdk/lib/tinyusb/src/device/usbd.c.o
                0x100057ec                tud_mounted
 .text.tud_suspended
                0x100057fc       0x10 CMakeFiles/tinyML.dir/home/vagner/pico/pico-sdk/lib/tinyusb/src/device/usbd.c.o
                0x100057fc                tud_suspended
 .text.tud_init
                0x1000580c       0xe4 CMakeFiles/tinyML.dir/home/vagner/pico/pico-sdk/lib/tinyusb/src/device/usbd.c.o
                0x1000580c                tud_init
 .text.tud_task_ext
                0x100058f0      0x800 CMakeFiles/tinyML.dir/home/vagner/pico/pico-sdk/lib/tinyusb/src/device/usbd.c.o
                0x100058f0                tud_task_ext
 .text.usbd_open_edpt_pair
                0x100060f0       0x9c CMakeFiles/tinyML.dir/home/vagner/pico/pico-sdk/lib/tinyusb/src/device/usbd.c.o
                0x100060f0                usbd_open_edpt_pair
 .text.usbd_edpt_open
                0x1000618c       0x34 CMakeFiles/tinyML.dir/home/vagner/pico/pico-sdk/lib/tinyusb/src/device/usbd.c.o
                0x1000618c                usbd_edpt_open
 .text.usbd_edpt_claim
                0x100061c0       0x28 CMakeFiles/tinyML.dir/home/vagner/pico/pico-sdk/lib/tinyusb/src/device/usbd.c.o
                0x100061c0                usbd_edpt_claim
 .text.usbd_edpt_release
                0x100061e8       0x28 CMakeFiles/tinyML.dir/home/vagner/pico/pico-sdk/lib/tinyusb/src/device/usbd.c.o
                0x100061e8                usbd_edpt_release
 .text.usbd_edpt_xfer
                0x10006210       0x4c CMakeFiles/tinyML.dir/home/vagner/pico/pico-sdk/lib/tinyusb/src/device/usbd.c.o
                0x10006210                usbd_edpt_xfer
 .text.tud_control_status
                0x1000625c       0x2c CMakeFiles/tinyML.dir/home/vagner/pico/pico-sdk/lib/tinyusb/src/device/usbd_control.c.o
                0x1000625c                tud_control_status
 .text.tud_control_xfer
                0x10006288       0xac CMakeFiles/tinyML.dir/home/vagner/pico/pico-sdk/lib/tinyusb/src/device/usbd_control.c.o
                0x10006288                tud_control_xfer
 .text.usbd_control_reset
                0x10006334       0x14 CMakeFiles/tinyML.dir/home/vagner/pico/pico-sdk/lib/tinyusb/src/device/usbd_control.c.o
                0x10006334                usbd_control_reset
 .text.usbd_control_set_complete_callback
                0x10006348        0xc CMakeFiles/tinyML.dir/home/vagner/pico/pico-sdk/lib/tinyusb/src/device/usbd_control.c.o
                0x10006348                usbd_control_set_complete_callback
 .text.usbd_control_set_request
                0x10006354       0x1c CMakeFiles/tinyML.dir/home/vagner/pico/pico-sdk/lib/tinyusb/src/device/usbd_control.c.o
                0x10006354                usbd_control_set_request
 .text.usbd_control_xfer_cb
                0x10006370       0xec CMakeFiles/tinyML.dir/home/vagner/pico/pico-sdk/lib/tinyusb/src/device/usbd_control.c.o
                0x10006370                usbd_control_xfer_cb
 .text._prep_out_transaction.isra.0
                0x1000645c       0x5c CMakeFiles/tinyML.dir/home/vagner/pico/pico-sdk/lib/tinyusb/src/class/cdc/cdc_device.c.o
 .text.tud_cdc_n_connected
                0x100064b8       0x30 CMakeFiles/tinyML.dir/home/vagner/pico/pico-sdk/lib/tinyusb/src/class/cdc/cdc_device.c.o
                0x100064b8                tud_cdc_n_connected
 .text.tud_cdc_n_available
                0x100064e8       0x18 CMakeFiles/tinyML.dir/home/vagner/pico/pico-sdk/lib/tinyusb/src/class/cdc/cdc_device.c.o
                0x100064e8                tud_cdc_n_available
 .text.tud_cdc_n_read
                0x10006500       0x98 CMakeFiles/tinyML.dir/home/vagner/pico/pico-sdk/lib/tinyusb/src/class/cdc/cdc_device.c.o
                0x10006500                tud_cdc_n_read
 .text.tud_cdc_n_write_flush
                0x10006598       0x78 CMakeFiles/tinyML.dir/home/vagner/pico/pico-sdk/lib/tinyusb/src/class/cdc/cdc_device.c.o
                0x10006598                tud_cdc_n_write_flush
 .text.tud_cdc_n_write
                0x10006610       0x40 CMakeFiles/tinyML.dir/home/vagner/pico/pico-sdk/lib/tinyusb/src/class/cdc/cdc_device.c.o
                0x10006610                tud_cdc_n_write
 .text.tud_cdc_n_write_available
                0x10006650       0x18 CMakeFiles/tinyML.dir/home/vagner/pico/pico-sdk/lib/tinyusb/src/class/cdc/cdc_device.c.o
                0x10006650                tud_cdc_n_write_available
 .text.cdcd_init
                0x10006668       0x7c CMakeFiles/tinyML.dir/home/vagner/pico/pico-sdk/lib/tinyusb/src/class/cdc/cdc_device.c.o
                0x10006668                cdcd_init
 .text.cdcd_deinit
                0x100066e4       0x34 CMakeFiles/tinyML.dir/home/vagner/pico/pico-sdk/lib/tinyusb/src/class/cdc/cdc_device.c.o
                0x100066e4                cdcd_deinit
 .text.cdcd_reset
                0x10006718       0x4c CMakeFiles/tinyML.dir/home/vagner/pico/pico-sdk/lib/tinyusb/src/class/cdc/cdc_device.c.o
                0x10006718                cdcd_reset
 .text.cdcd_open
                0x10006764       0xb0 CMakeFiles/tinyML.dir/home/vagner/pico/pico-sdk/lib/tinyusb/src/class/cdc/cdc_device.c.o
                0x10006764                cdcd_open
 .text.cdcd_control_xfer_cb
                0x10006814       0xe4 CMakeFiles/tinyML.dir/home/vagner/pico/pico-sdk/lib/tinyusb/src/class/cdc/cdc_device.c.o
                0x10006814                cdcd_control_xfer_cb
 .text.cdcd_xfer_cb
                0x100068f8      0x100 CMakeFiles/tinyML.dir/home/vagner/pico/pico-sdk/lib/tinyusb/src/class/cdc/cdc_device.c.o
                0x100068f8                cdcd_xfer_cb
 .text.vendord_init
                0x100069f8       0x5c CMakeFiles/tinyML.dir/home/vagner/pico/pico-sdk/lib/tinyusb/src/class/vendor/vendor_device.c.o
                0x100069f8                vendord_init
 .text.vendord_deinit
                0x10006a54       0x1c CMakeFiles/tinyML.dir/home/vagner/pico/pico-sdk/lib/tinyusb/src/class/vendor/vendor_device.c.o
                0x10006a54                vendord_deinit
 .text.vendord_reset
                0x10006a70       0x20 CMakeFiles/tinyML.dir/home/vagner/pico/pico-sdk/lib/tinyusb/src/class/vendor/vendor_device.c.o
                0x10006a70                vendord_reset
 .text.vendord_open
                0x10006a90      0x138 CMakeFiles/tinyML.dir/home/vagner/pico/pico-sdk/lib/tinyusb/src/class/vendor/vendor_device.c.o
                0x10006a90                vendord_open
 .text.vendord_xfer_cb
                0x10006bc8       0x9c CMakeFiles/tinyML.dir/home/vagner/pico/pico-sdk/lib/tinyusb/src/class/vendor/vendor_device.c.o
                0x10006bc8                vendord_xfer_cb
 .text.tusb_init
                0x10006c64        0xc CMakeFiles/tinyML.dir/home/vagner/pico/pico-sdk/lib/tinyusb/src/tusb.c.o
                0x10006c64                tusb_init
 .text.tu_edpt_claim
                0x10006c70       0x50 CMakeFiles/tinyML.dir/home/vagner/pico/pico-sdk/lib/tinyusb/src/tusb.c.o
                0x10006c70                tu_edpt_claim
 .text.tu_edpt_release
                0x10006cc0       0x38 CMakeFiles/tinyML.dir/home/vagner/pico/pico-sdk/lib/tinyusb/src/tusb.c.o
                0x10006cc0                tu_edpt_release
 .text.tu_edpt_validate
                0x10006cf8       0x7c CMakeFiles/tinyML.dir/home/vagner/pico/pico-sdk/lib/tinyusb/src/tusb.c.o
                0x10006cf8                tu_edpt_validate
 .text.tu_edpt_bind_driver
                0x10006d74       0x34 CMakeFiles/tinyML.dir/home/vagner/pico/pico-sdk/lib/tinyusb/src/tusb.c.o
                0x10006d74                tu_edpt_bind_driver
 .text.tu_edpt_stream_init
                0x10006da8       0x6c CMakeFiles/tinyML.dir/home/vagner/pico/pico-sdk/lib/tinyusb/src/tusb.c.o
                0x10006da8                tu_edpt_stream_init
 .text.tu_edpt_stream_deinit
                0x10006e14        0x4 CMakeFiles/tinyML.dir/home/vagner/pico/pico-sdk/lib/tinyusb/src/tusb.c.o
                0x10006e14                tu_edpt_stream_deinit
 .text.tu_edpt_stream_write_zlp_if_needed
                0x10006e18       0x68 CMakeFiles/tinyML.dir/home/vagner/pico/pico-sdk/lib/tinyusb/src/tusb.c.o
                0x10006e18                tu_edpt_stream_write_zlp_if_needed
 .text.tu_edpt_stream_write_xfer
                0x10006e80       0x64 CMakeFiles/tinyML.dir/home/vagner/pico/pico-sdk/lib/tinyusb/src/tusb.c.o
                0x10006e80                tu_edpt_stream_write_xfer
 .text.tu_edpt_stream_read_xfer
                0x10006ee4       0xdc CMakeFiles/tinyML.dir/home/vagner/pico/pico-sdk/lib/tinyusb/src/tusb.c.o
                0x10006ee4                tu_edpt_stream_read_xfer
 .text.tu_fifo_config
                0x10006fc0       0x6c CMakeFiles/tinyML.dir/home/vagner/pico/pico-sdk/lib/tinyusb/src/common/tusb_fifo.c.o
                0x10006fc0                tu_fifo_config
 .text.tu_fifo_count
                0x1000702c       0x2c CMakeFiles/tinyML.dir/home/vagner/pico/pico-sdk/lib/tinyusb/src/common/tusb_fifo.c.o
                0x1000702c                tu_fifo_count
 .text.tu_fifo_empty
                0x10007058       0x10 CMakeFiles/tinyML.dir/home/vagner/pico/pico-sdk/lib/tinyusb/src/common/tusb_fifo.c.o
                0x10007058                tu_fifo_empty
 .text.tu_fifo_remaining
                0x10007068       0x2c CMakeFiles/tinyML.dir/home/vagner/pico/pico-sdk/lib/tinyusb/src/common/tusb_fifo.c.o
                0x10007068                tu_fifo_remaining
 .text.tu_fifo_read
                0x10007094       0x9c CMakeFiles/tinyML.dir/home/vagner/pico/pico-sdk/lib/tinyusb/src/common/tusb_fifo.c.o
                0x10007094                tu_fifo_read
 .text.tu_fifo_read_n
                0x10007130       0xe8 CMakeFiles/tinyML.dir/home/vagner/pico/pico-sdk/lib/tinyusb/src/common/tusb_fifo.c.o
                0x10007130                tu_fifo_read_n
 .text.tu_fifo_write
                0x10007218       0xa8 CMakeFiles/tinyML.dir/home/vagner/pico/pico-sdk/lib/tinyusb/src/common/tusb_fifo.c.o
                0x10007218                tu_fifo_write
 .text.tu_fifo_write_n
                0x100072c0      0x178 CMakeFiles/tinyML.dir/home/vagner/pico/pico-sdk/lib/tinyusb/src/common/tusb_fifo.c.o
                0x100072c0                tu_fifo_write_n
 .text.tu_fifo_clear
                0x10007438       0x40 CMakeFiles/tinyML.dir/home/vagner/pico/pico-sdk/lib/tinyusb/src/common/tusb_fifo.c.o
                0x10007438                tu_fifo_clear
 .text.tu_fifo_set_overwritable
                0x10007478       0x48 CMakeFiles/tinyML.dir/home/vagner/pico/pico-sdk/lib/tinyusb/src/common/tusb_fifo.c.o
                0x10007478                tu_fifo_set_overwritable
 .text.pvPortMalloc
                0x100074c0      0x124 CMakeFiles/tinyML.dir/FreeRTOS/portable/MemMang/heap_4.c.o
                0x100074c0                pvPortMalloc
 .text.vPortFree
                0x100075e4       0x98 CMakeFiles/tinyML.dir/FreeRTOS/portable/MemMang/heap_4.c.o
                0x100075e4                vPortFree
 *fill*         0x1000767c        0x4 
 .text.vPortStartFirstTask
                0x10007680       0x34 CMakeFiles/tinyML.dir/FreeRTOS/portable/ThirdParty/GCC/RP2040/port.c.o
 *fill*         0x100076b4        0xc 
 .text.xPortPendSVHandler
                0x100076c0       0x64 CMakeFiles/tinyML.dir/FreeRTOS/portable/ThirdParty/GCC/RP2040/port.c.o
                0x100076c0                xPortPendSVHandler
 .text.prvTaskExitError
                0x10007724        0x8 CMakeFiles/tinyML.dir/FreeRTOS/portable/ThirdParty/GCC/RP2040/port.c.o
 .text.prvFIFOInterruptHandler
                0x1000772c       0x78 CMakeFiles/tinyML.dir/FreeRTOS/portable/ThirdParty/GCC/RP2040/port.c.o
 .text.vPortSVCHandler
                0x100077a4        0x4 CMakeFiles/tinyML.dir/FreeRTOS/portable/ThirdParty/GCC/RP2040/port.c.o
                0x100077a4                vPortSVCHandler
 .text.pxPortInitialiseStack
                0x100077a8       0x20 CMakeFiles/tinyML.dir/FreeRTOS/portable/ThirdParty/GCC/RP2040/port.c.o
                0x100077a8                pxPortInitialiseStack
 .text.vPortYield
                0x100077c8       0x18 CMakeFiles/tinyML.dir/FreeRTOS/portable/ThirdParty/GCC/RP2040/port.c.o
                0x100077c8                vPortYield
 .text.vPortEnterCritical
                0x100077e0       0x18 CMakeFiles/tinyML.dir/FreeRTOS/portable/ThirdParty/GCC/RP2040/port.c.o
                0x100077e0                vPortEnterCritical
 .text.vPortExitCritical
                0x100077f8       0x14 CMakeFiles/tinyML.dir/FreeRTOS/portable/ThirdParty/GCC/RP2040/port.c.o
                0x100077f8                vPortExitCritical
 .text.ulSetInterruptMaskFromISR
                0x1000780c        0x8 CMakeFiles/tinyML.dir/FreeRTOS/portable/ThirdParty/GCC/RP2040/port.c.o
                0x1000780c                ulSetInterruptMaskFromISR
 .text.vClearInterruptMaskFromISR
                0x10007814        0x8 CMakeFiles/tinyML.dir/FreeRTOS/portable/ThirdParty/GCC/RP2040/port.c.o
                0x10007814                vClearInterruptMaskFromISR
 .text.xPortSysTickHandler
                0x1000781c       0x24 CMakeFiles/tinyML.dir/FreeRTOS/portable/ThirdParty/GCC/RP2040/port.c.o
                0x1000781c                xPortSysTickHandler
 .text.vPortSetupTimerInterrupt
                0x10007840       0x34 CMakeFiles/tinyML.dir/FreeRTOS/portable/ThirdParty/GCC/RP2040/port.c.o
                0x10007840                vPortSetupTimerInterrupt
 .text.xPortStartScheduler
                0x10007874       0x9c CMakeFiles/tinyML.dir/FreeRTOS/portable/ThirdParty/GCC/RP2040/port.c.o
                0x10007874                xPortStartScheduler
 .text.ulPortLockGetCurrentOwnerId
                0x10007910       0x2c CMakeFiles/tinyML.dir/FreeRTOS/portable/ThirdParty/GCC/RP2040/port.c.o
                0x10007910                ulPortLockGetCurrentOwnerId
 .text.vPortLockInternalSpinUnlockWithWait
                0x1000793c       0x68 CMakeFiles/tinyML.dir/FreeRTOS/portable/ThirdParty/GCC/RP2040/port.c.o
                0x1000793c                vPortLockInternalSpinUnlockWithWait
 .text.vPortLockInternalSpinUnlockWithNotify
                0x100079a4       0xcc CMakeFiles/tinyML.dir/FreeRTOS/portable/ThirdParty/GCC/RP2040/port.c.o
                0x100079a4                vPortLockInternalSpinUnlockWithNotify
 .text.xPortLockInternalSpinUnlockWithBestEffortWaitOrTimeout
                0x10007a70       0xfc CMakeFiles/tinyML.dir/FreeRTOS/portable/ThirdParty/GCC/RP2040/port.c.o
                0x10007a70                xPortLockInternalSpinUnlockWithBestEffortWaitOrTimeout
 .text.startup.prvRuntimeInitializer
                0x10007b6c       0x28 CMakeFiles/tinyML.dir/FreeRTOS/portable/ThirdParty/GCC/RP2040/port.c.o
 .text.vEventGroupSetBitsCallback
                0x10007b94       0x90 CMakeFiles/tinyML.dir/FreeRTOS/event_groups.c.o
                0x10007b94                vEventGroupSetBitsCallback
 .text.xEventGroupCreate
                0x10007c24       0x18 CMakeFiles/tinyML.dir/FreeRTOS/event_groups.c.o
                0x10007c24                xEventGroupCreate
 .text.xEventGroupWaitBits
                0x10007c3c       0xb8 CMakeFiles/tinyML.dir/FreeRTOS/event_groups.c.o
                0x10007c3c                xEventGroupWaitBits
 .text.xEventGroupSetBits
                0x10007cf4       0x9c CMakeFiles/tinyML.dir/FreeRTOS/event_groups.c.o
                0x10007cf4                xEventGroupSetBits
 .text.xEventGroupSetBitsFromISR
                0x10007d90       0x18 CMakeFiles/tinyML.dir/FreeRTOS/event_groups.c.o
                0x10007d90                xEventGroupSetBitsFromISR
 .text.vListInitialise
                0x10007da8       0x18 CMakeFiles/tinyML.dir/FreeRTOS/list.c.o
                0x10007da8                vListInitialise
 .text.vListInitialiseItem
                0x10007dc0        0x8 CMakeFiles/tinyML.dir/FreeRTOS/list.c.o
                0x10007dc0                vListInitialiseItem
 .text.vListInsert
                0x10007dc8       0x30 CMakeFiles/tinyML.dir/FreeRTOS/list.c.o
                0x10007dc8                vListInsert
 .text.uxListRemove
                0x10007df8       0x20 CMakeFiles/tinyML.dir/FreeRTOS/list.c.o
                0x10007df8                uxListRemove
 .text.prvUnlockQueue
                0x10007e18      0x180 CMakeFiles/tinyML.dir/FreeRTOS/queue.c.o
 .text.prvNotifyQueueSetContainer
                0x10007f98       0x90 CMakeFiles/tinyML.dir/FreeRTOS/queue.c.o
 .text.xQueueGenericCreate
                0x10008028       0xa4 CMakeFiles/tinyML.dir/FreeRTOS/queue.c.o
                0x10008028                xQueueGenericCreate
 .text.xQueueGenericSend
                0x100080cc      0x1d8 CMakeFiles/tinyML.dir/FreeRTOS/queue.c.o
                0x100080cc                xQueueGenericSend
 .text.xQueueCreateMutex
                0x100082a4       0x6c CMakeFiles/tinyML.dir/FreeRTOS/queue.c.o
                0x100082a4                xQueueCreateMutex
 .text.xQueueGenericSendFromISR
                0x10008310      0x134 CMakeFiles/tinyML.dir/FreeRTOS/queue.c.o
                0x10008310                xQueueGenericSendFromISR
 .text.xQueueReceive
                0x10008444      0x11c CMakeFiles/tinyML.dir/FreeRTOS/queue.c.o
                0x10008444                xQueueReceive
 .text.xQueueSemaphoreTake
                0x10008560      0x14c CMakeFiles/tinyML.dir/FreeRTOS/queue.c.o
                0x10008560                xQueueSemaphoreTake
 .text.vQueueAddToRegistry
                0x100086ac      0x118 CMakeFiles/tinyML.dir/FreeRTOS/queue.c.o
                0x100086ac                vQueueAddToRegistry
 .text.vQueueWaitForMessageRestricted
                0x100087c4       0x48 CMakeFiles/tinyML.dir/FreeRTOS/queue.c.o
                0x100087c4                vQueueWaitForMessageRestricted
 .text.prvAddNewTaskToReadyList
                0x1000880c      0x124 CMakeFiles/tinyML.dir/FreeRTOS/tasks.c.o
 .text.prvCreateTask
                0x10008930      0x130 CMakeFiles/tinyML.dir/FreeRTOS/tasks.c.o
 .text.prvIdleTask
                0x10008a60       0x60 CMakeFiles/tinyML.dir/FreeRTOS/tasks.c.o
 .text.xTaskIncrementTick.part.0
                0x10008ac0      0x190 CMakeFiles/tinyML.dir/FreeRTOS/tasks.c.o
 .text.xTaskCreate
                0x10008c50       0x24 CMakeFiles/tinyML.dir/FreeRTOS/tasks.c.o
                0x10008c50                xTaskCreate
 .text.vTaskStartScheduler
                0x10008c74       0x74 CMakeFiles/tinyML.dir/FreeRTOS/tasks.c.o
                0x10008c74                vTaskStartScheduler
 .text.vTaskSuspendAll
                0x10008ce8       0x10 CMakeFiles/tinyML.dir/FreeRTOS/tasks.c.o
                0x10008ce8                vTaskSuspendAll
 .text.xTaskResumeAll
                0x10008cf8      0x188 CMakeFiles/tinyML.dir/FreeRTOS/tasks.c.o
                0x10008cf8                xTaskResumeAll
 .text.xTaskDelayUntil
                0x10008e80       0xb4 CMakeFiles/tinyML.dir/FreeRTOS/tasks.c.o
                0x10008e80                xTaskDelayUntil
 .text.vTaskDelay
                0x10008f34       0x84 CMakeFiles/tinyML.dir/FreeRTOS/tasks.c.o
                0x10008f34                vTaskDelay
 .text.xTaskGetTickCount
                0x10008fb8        0xc CMakeFiles/tinyML.dir/FreeRTOS/tasks.c.o
                0x10008fb8                xTaskGetTickCount
 .text.uxTaskGetNumberOfTasks
                0x10008fc4        0xc CMakeFiles/tinyML.dir/FreeRTOS/tasks.c.o
                0x10008fc4                uxTaskGetNumberOfTasks
 .text.xTaskIncrementTick
                0x10008fd0       0x24 CMakeFiles/tinyML.dir/FreeRTOS/tasks.c.o
                0x10008fd0                xTaskIncrementTick
 .text.vTaskSwitchContext
                0x10008ff4       0x7c CMakeFiles/tinyML.dir/FreeRTOS/tasks.c.o
                0x10008ff4                vTaskSwitchContext
 .text.vTaskPlaceOnEventList
                0x10009070       0xa0 CMakeFiles/tinyML.dir/FreeRTOS/tasks.c.o
                0x10009070                vTaskPlaceOnEventList
 .text.vTaskPlaceOnUnorderedEventList
                0x10009110       0xc4 CMakeFiles/tinyML.dir/FreeRTOS/tasks.c.o
                0x10009110                vTaskPlaceOnUnorderedEventList
 .text.vTaskPlaceOnEventListRestricted
                0x100091d4       0xf4 CMakeFiles/tinyML.dir/FreeRTOS/tasks.c.o
                0x100091d4                vTaskPlaceOnEventListRestricted
 .text.xTaskRemoveFromEventList
                0x100092c8       0xcc CMakeFiles/tinyML.dir/FreeRTOS/tasks.c.o
                0x100092c8                xTaskRemoveFromEventList
 .text.vTaskRemoveFromUnorderedEventList
                0x10009394       0x94 CMakeFiles/tinyML.dir/FreeRTOS/tasks.c.o
                0x10009394                vTaskRemoveFromUnorderedEventList
 .text.vTaskInternalSetTimeOutState
                0x10009428       0x18 CMakeFiles/tinyML.dir/FreeRTOS/tasks.c.o
                0x10009428                vTaskInternalSetTimeOutState
 .text.xTaskCheckForTimeOut
                0x10009440       0x74 CMakeFiles/tinyML.dir/FreeRTOS/tasks.c.o
                0x10009440                xTaskCheckForTimeOut
 .text.vTaskMissedYield
                0x100094b4        0xc CMakeFiles/tinyML.dir/FreeRTOS/tasks.c.o
                0x100094b4                vTaskMissedYield
 .text.xTaskGetCurrentTaskHandle
                0x100094c0        0xc CMakeFiles/tinyML.dir/FreeRTOS/tasks.c.o
                0x100094c0                xTaskGetCurrentTaskHandle
 .text.xTaskPriorityInherit
                0x100094cc       0x94 CMakeFiles/tinyML.dir/FreeRTOS/tasks.c.o
                0x100094cc                xTaskPriorityInherit
 .text.xTaskPriorityDisinherit
                0x10009560       0x64 CMakeFiles/tinyML.dir/FreeRTOS/tasks.c.o
                0x10009560                xTaskPriorityDisinherit
 .text.vTaskPriorityDisinheritAfterTimeout
                0x100095c4       0x7c CMakeFiles/tinyML.dir/FreeRTOS/tasks.c.o
                0x100095c4                vTaskPriorityDisinheritAfterTimeout
 .text.uxTaskResetEventItemValue
                0x10009640       0x18 CMakeFiles/tinyML.dir/FreeRTOS/tasks.c.o
                0x10009640                uxTaskResetEventItemValue
 .text.pvTaskIncrementMutexHeldCount
                0x10009658       0x14 CMakeFiles/tinyML.dir/FreeRTOS/tasks.c.o
                0x10009658                pvTaskIncrementMutexHeldCount
 .text.prvTimerTask
                0x1000966c      0x3b4 CMakeFiles/tinyML.dir/FreeRTOS/timers.c.o
 .text.xTimerCreateTimerTask
                0x10009a20       0x8c CMakeFiles/tinyML.dir/FreeRTOS/timers.c.o
                0x10009a20                xTimerCreateTimerTask
 .text.xTimerPendFunctionCallFromISR
                0x10009aac       0x28 CMakeFiles/tinyML.dir/FreeRTOS/timers.c.o
                0x10009aac                xTimerPendFunctionCallFromISR
 .text.exception_set_exclusive_handler
                0x10009ad4       0x48 CMakeFiles/tinyML.dir/home/vagner/pico/pico-sdk/src/rp2_common/hardware_exception/exception.c.o
                0x10009ad4                exception_set_exclusive_handler
 .text.i2c_read_blocking_internal.constprop.0
                0x10009b1c       0x98 CMakeFiles/tinyML.dir/home/vagner/pico/pico-sdk/src/rp2_common/hardware_i2c/i2c.c.o
 .text.i2c_write_blocking_internal.constprop.0
                0x10009bb4       0xd0 CMakeFiles/tinyML.dir/home/vagner/pico/pico-sdk/src/rp2_common/hardware_i2c/i2c.c.o
 .text.i2c_set_baudrate
                0x10009c84       0xc0 CMakeFiles/tinyML.dir/home/vagner/pico/pico-sdk/src/rp2_common/hardware_i2c/i2c.c.o
                0x10009c84                i2c_set_baudrate
 .text.i2c_init
                0x10009d44       0x50 CMakeFiles/tinyML.dir/home/vagner/pico/pico-sdk/src/rp2_common/hardware_i2c/i2c.c.o
                0x10009d44                i2c_init
 .text.i2c_write_blocking
                0x10009d94       0x14 CMakeFiles/tinyML.dir/home/vagner/pico/pico-sdk/src/rp2_common/hardware_i2c/i2c.c.o
                0x10009d94                i2c_write_blocking
 .text.i2c_read_blocking
                0x10009da8       0x14 CMakeFiles/tinyML.dir/home/vagner/pico/pico-sdk/src/rp2_common/hardware_i2c/i2c.c.o
                0x10009da8                i2c_read_blocking
 .text          0x10009dbc       0x60 /usr/lib/gcc/arm-none-eabi/13.2.1/../../../arm-none-eabi/lib/thumb/v6-m/nofp/libg.a(libc_a-strncpy.o)
                0x10009dbc                strncpy
 .text          0x10009e1c      0x5b4 /usr/lib/gcc/arm-none-eabi/13.2.1/../../../arm-none-eabi/lib/thumb/v6-m/nofp/libg.a(libc_a-mallocr.o)
                0x10009e1c                _malloc_r
 .text          0x1000a3d0      0x288 /usr/lib/gcc/arm-none-eabi/13.2.1/../../../arm-none-eabi/lib/thumb/v6-m/nofp/libg.a(libc_a-freer.o)
                0x1000a3d0                _malloc_trim_r
                0x1000a484                _free_r
 .text          0x1000a658       0x28 /usr/lib/gcc/arm-none-eabi/13.2.1/../../../arm-none-eabi/lib/thumb/v6-m/nofp/libg.a(libc_a-malloc.o)
                0x1000a658                malloc
                0x1000a66c                free
 .text          0x1000a680       0x1c /usr/lib/gcc/arm-none-eabi/13.2.1/../../../arm-none-eabi/lib/thumb/v6-m/nofp/libg.a(libc_a-sysconf.o)
                0x1000a680                sysconf
 .text          0x1000a69c        0x8 /usr/lib/gcc/arm-none-eabi/13.2.1/../../../arm-none-eabi/lib/thumb/v6-m/nofp/libg.a(libc_a-mlock.o)
                0x1000a69c                __malloc_lock
                0x1000a6a0                __malloc_unlock
 .text          0x1000a6a4       0x10 /usr/lib/gcc/arm-none-eabi/13.2.1/../../../arm-none-eabi/lib/thumb/v6-m/nofp/libg.a(libc_a-atexit.o)
                0x1000a6a4                atexit
 .text          0x1000a6b4       0x5c /usr/lib/gcc/arm-none-eabi/13.2.1/../../../arm-none-eabi/lib/thumb/v6-m/nofp/libg.a(libc_a-strlen-stub.o)
                0x1000a6b4                strlen
 .text          0x1000a710       0x24 /usr/lib/gcc/arm-none-eabi/13.2.1/../../../arm-none-eabi/lib/thumb/v6-m/nofp/libg.a(libc_a-sbrkr.o)
                0x1000a710                _sbrk_r
 .text          0x1000a734       0x28 /usr/lib/gcc/arm-none-eabi/13.2.1/../../../arm-none-eabi/lib/thumb/v6-m/nofp/libg.a(libc_a-fini.o)
                0x1000a734                __libc_fini_array
 .text          0x1000a75c        0xc /usr/lib/gcc/arm-none-eabi/13.2.1/../../../arm-none-eabi/lib/thumb/v6-m/nofp/libg.a(libc_a-errno.o)
                0x1000a75c                __errno
 .text          0x1000a768       0x78 /usr/lib/gcc/arm-none-eabi/13.2.1/../../../arm-none-eabi/lib/thumb/v6-m/nofp/libg.a(libc_a-__atexit.o)
                0x1000a768                __register_exitproc
 .text.startup  0x1000a7e0       0x18 /usr/lib/gcc/arm-none-eabi/13.2.1/../../../arm-none-eabi/lib/thumb/v6-m/nofp/libg.a(libc_a-__call_atexit.o)
 *(.fini)
 .fini          0x1000a7f8        0x4 /usr/lib/gcc/arm-none-eabi/13.2.1/thumb/v6-m/nofp/crti.o
                0x1000a7f8                _fini
 *fill*         0x1000a7fc        0x4 
 .fini.__stub   0x1000a800       0xd0 linker stubs
 *crtbegin.o(.ctors)
 *crtbegin?.o(.ctors)
 *(EXCLUDE_FILE(*crtend.o *crtend?.o) .ctors)
 *(SORT_BY_NAME(.ctors.*))
 *(.ctors)
 *crtbegin.o(.dtors)
 *crtbegin?.o(.dtors)
 *(EXCLUDE_FILE(*crtend.o *crtend?.o) .dtors)
 *(SORT_BY_NAME(.dtors.*))
 *(.dtors)
                0x1000a8d0                        . = ALIGN (0x4)
                0x1000a8d0                        PROVIDE (__preinit_array_start = .)
 *(SORT_BY_NAME(.preinit_array.*))
 .preinit_array.00100
                0x1000a8d0        0x4 CMakeFiles/tinyML.dir/home/vagner/pico/pico-sdk/src/rp2_common/pico_runtime_init/runtime_init.c.o
                0x1000a8d0                __pre_init_runtime_init_early_resets
 .preinit_array.00101
                0x1000a8d4        0x4 CMakeFiles/tinyML.dir/home/vagner/pico/pico-sdk/src/rp2_common/pico_runtime_init/runtime_init.c.o
                0x1000a8d4                __pre_init_runtime_init_usb_power_down
 .preinit_array.00275
                0x1000a8d8        0x4 CMakeFiles/tinyML.dir/home/vagner/pico/pico-sdk/src/rp2_common/pico_bit_ops/bit_ops_aeabi.S.o
 .preinit_array.00300
                0x1000a8dc        0x4 CMakeFiles/tinyML.dir/home/vagner/pico/pico-sdk/src/rp2_common/pico_mem_ops/mem_ops_aeabi.S.o
 .preinit_array.00350
                0x1000a8e0        0x4 CMakeFiles/tinyML.dir/home/vagner/pico/pico-sdk/src/rp2_common/pico_double/double_aeabi_rp2040.S.o
 .preinit_array.00350
                0x1000a8e4        0x4 CMakeFiles/tinyML.dir/home/vagner/pico/pico-sdk/src/rp2_common/pico_float/float_aeabi_rp2040.S.o
 .preinit_array.00500
                0x1000a8e8        0x4 CMakeFiles/tinyML.dir/home/vagner/pico/pico-sdk/src/rp2_common/pico_runtime_init/runtime_init.c.o
                0x1000a8e8                __pre_init_runtime_init_clocks
 .preinit_array.00600
                0x1000a8ec        0x4 CMakeFiles/tinyML.dir/home/vagner/pico/pico-sdk/src/rp2_common/pico_runtime_init/runtime_init.c.o
                0x1000a8ec                __pre_init_runtime_init_post_clock_resets
 .preinit_array.00700
                0x1000a8f0        0x4 CMakeFiles/tinyML.dir/home/vagner/pico/pico-sdk/src/rp2_common/pico_runtime_init/runtime_init.c.o
                0x1000a8f0                __pre_init_runtime_init_rp2040_gpio_ie_disable
 .preinit_array.01000
                0x1000a8f4        0x4 CMakeFiles/tinyML.dir/home/vagner/pico/pico-sdk/src/rp2_common/pico_runtime_init/runtime_init.c.o
                0x1000a8f4                __pre_init_runtime_init_spin_locks_reset
 .preinit_array.01100
                0x1000a8f8        0x4 CMakeFiles/tinyML.dir/home/vagner/pico/pico-sdk/src/common/pico_sync/mutex.c.o
                0x1000a8f8                __pre_init_runtime_init_mutex
 .preinit_array.10080
                0x1000a8fc        0x4 CMakeFiles/tinyML.dir/home/vagner/pico/pico-sdk/src/rp2_common/pico_runtime_init/runtime_init.c.o
                0x1000a8fc                __pre_init_runtime_init_install_ram_vector_table
 .preinit_array.11000
                0x1000a900        0x4 CMakeFiles/tinyML.dir/home/vagner/pico/pico-sdk/src/common/pico_time/time.c.o
                0x1000a900                __pre_init_runtime_init_default_alarm_pool
 .preinit_array.YYYYY
                0x1000a904        0x4 CMakeFiles/tinyML.dir/home/vagner/pico/pico-sdk/src/rp2_common/pico_runtime/runtime.c.o
                0x1000a904                __pre_init_first_per_core_initializer
 .preinit_array.ZZZZZ.01200
                0x1000a908        0x4 CMakeFiles/tinyML.dir/home/vagner/pico/pico-sdk/src/rp2_common/hardware_irq/irq.c.o
                0x1000a908                __pre_init_runtime_init_per_core_irq_priorities
 *(.preinit_array)
                0x1000a90c                        PROVIDE (__preinit_array_end = .)
                0x1000a90c                        . = ALIGN (0x4)
                0x1000a90c                        PROVIDE (__init_array_start = .)
 *(SORT_BY_NAME(.init_array.*))
 .init_array.00000
                0x1000a90c        0x4 /usr/lib/gcc/arm-none-eabi/13.2.1/../../../arm-none-eabi/lib/thumb/v6-m/nofp/libg.a(libc_a-__call_atexit.o)
 *(.init_array)
 .init_array    0x1000a910        0x4 /usr/lib/gcc/arm-none-eabi/13.2.1/thumb/v6-m/nofp/crtbegin.o
 .init_array    0x1000a914        0x4 CMakeFiles/tinyML.dir/home/vagner/pico/pico-sdk/src/rp2_common/pico_unique_id/unique_id.c.o
 .init_array    0x1000a918        0x4 CMakeFiles/tinyML.dir/FreeRTOS/portable/ThirdParty/GCC/RP2040/port.c.o
                0x1000a91c                        PROVIDE (__init_array_end = .)
                0x1000a91c                        . = ALIGN (0x4)
                0x1000a91c                        PROVIDE (__fini_array_start = .)
 *(SORT_BY_NAME(.fini_array.*))
 *(.fini_array)
                0x1000a91c                        PROVIDE (__fini_array_end = .)
 *(.eh_frame*)
 .eh_frame      0x1000a91c        0x0 /usr/lib/gcc/arm-none-eabi/13.2.1/thumb/v6-m/nofp/crtbegin.o
                0x1000a91c                        . = ALIGN (0x4)

.glue_7         0x1000a91c        0x0
 .glue_7        0x1000a91c        0x0 linker stubs

.glue_7t        0x1000a91c        0x0
 .glue_7t       0x1000a91c        0x0 linker stubs

.vfp11_veneer   0x1000a91c        0x0
 .vfp11_veneer  0x1000a91c        0x0 linker stubs

.v4_bx          0x1000a91c        0x0
 .v4_bx         0x1000a91c        0x0 linker stubs

.iplt           0x1000a91c        0x0
 .iplt          0x1000a91c        0x0 /usr/lib/gcc/arm-none-eabi/13.2.1/thumb/v6-m/nofp/crtbegin.o

.rodata         0x1000a920      0xd04
 *(EXCLUDE_FILE(*libm.a: *libc.a:*lib_a-mem*.o *libgcc.a:) .rodata*)
 .rodata.main.str1.4
                0x1000a920      0x388 CMakeFiles/tinyML.dir/main.c.o
                                 0xe9 (size before relaxing)
 .rodata.ssd1306_get_font
                0x1000aca8      0x1f4 CMakeFiles/tinyML.dir/lib/ssd1306_i2c.c.o
 .rodata.font   0x1000ae9c      0x198 CMakeFiles/tinyML.dir/lib/ssd1306_i2c.c.o
                0x1000ae9c                font
 .rodata        0x1000b034       0x1a CMakeFiles/tinyML.dir/lib/ssd1306_i2c.c.o
 .rodata.button_a_task.str1.4
                0x1000b04e       0x23 CMakeFiles/tinyML.dir/src/button_a.c.o
 .rodata.button_b_task.str1.4
                0x1000b04e       0x23 CMakeFiles/tinyML.dir/src/button_b.c.o
 .rodata.display_gate_task.str1.4
                0x1000b04e       0x61 CMakeFiles/tinyML.dir/src/display_gate.c.o
 .rodata.util_gera_e_envia_msg.str1.4
                0x1000b04e        0xa CMakeFiles/tinyML.dir/src/util.c.o
 .rodata.mpu6500_init.str1.4
                0x1000b04e       0x2c CMakeFiles/tinyML.dir/src/mpu6500.c.o
 .rodata.mpu6500_task.str1.4
                0x1000b04e       0x1b CMakeFiles/tinyML.dir/src/mpu6500.c.o
 .rodata.panic.str1.4
                0x1000b04e       0x12 CMakeFiles/tinyML.dir/home/vagner/pico/pico-sdk/src/rp2_common/pico_platform_panic/panic.c.o
 .rodata.panic_unsupported.str1.4
                0x1000b04e        0xe CMakeFiles/tinyML.dir/home/vagner/pico/pico-sdk/src/rp2_common/pico_platform_panic/panic.c.o
 .rodata.spin_lock_claim_unused.str1.4
                0x1000b04e       0x1b CMakeFiles/tinyML.dir/home/vagner/pico/pico-sdk/src/rp2_common/hardware_sync/sync.c.o
 .rodata.user_irq_claim_unused.str1.4
                0x1000b04e       0x1b CMakeFiles/tinyML.dir/home/vagner/pico/pico-sdk/src/rp2_common/hardware_irq/irq.c.o
 .rodata.timer_hardware_alarm_claim.str1.4
                0x1000b04e       0x22 CMakeFiles/tinyML.dir/home/vagner/pico/pico-sdk/src/rp2_common/hardware_timer/timer.c.o
 .rodata.hard_assertion_failure.str1.4
                0x1000b04e        0xc CMakeFiles/tinyML.dir/home/vagner/pico/pico-sdk/src/rp2_common/pico_runtime/runtime.c.o
 .rodata.__wrap_malloc.str1.4
                0x1000b04e        0xe CMakeFiles/tinyML.dir/home/vagner/pico/pico-sdk/src/rp2_common/pico_malloc/malloc.c.o
 .rodata.str1.4
                0x1000b04e       0x3c CMakeFiles/tinyML.dir/home/vagner/pico/pico-sdk/src/rp2_common/pico_standard_binary_info/standard_binary_info.c.o
 *fill*         0x1000b04e        0x2 
 .rodata.__bi_84
                0x1000b050        0xc CMakeFiles/tinyML.dir/home/vagner/pico/pico-sdk/src/rp2_common/pico_standard_binary_info/standard_binary_info.c.o
 .rodata.__bi_78
                0x1000b05c        0xc CMakeFiles/tinyML.dir/home/vagner/pico/pico-sdk/src/rp2_common/pico_standard_binary_info/standard_binary_info.c.o
 .rodata.__bi_54
                0x1000b068        0xc CMakeFiles/tinyML.dir/home/vagner/pico/pico-sdk/src/rp2_common/pico_standard_binary_info/standard_binary_info.c.o
 .rodata.__bi_48
                0x1000b074        0xc CMakeFiles/tinyML.dir/home/vagner/pico/pico-sdk/src/rp2_common/pico_standard_binary_info/standard_binary_info.c.o
 .rodata.__bi_42
                0x1000b080        0xc CMakeFiles/tinyML.dir/home/vagner/pico/pico-sdk/src/rp2_common/pico_standard_binary_info/standard_binary_info.c.o
 .rodata.__bi_34
                0x1000b08c        0xc CMakeFiles/tinyML.dir/home/vagner/pico/pico-sdk/src/rp2_common/pico_standard_binary_info/standard_binary_info.c.o
 .rodata.__bi_26
                0x1000b098        0xc CMakeFiles/tinyML.dir/home/vagner/pico/pico-sdk/src/rp2_common/pico_standard_binary_info/standard_binary_info.c.o
 .rodata._ftoa.str1.4
                0x1000b0a4       0x15 CMakeFiles/tinyML.dir/home/vagner/pico/pico-sdk/src/rp2_common/pico_printf/printf.c.o
 .rodata._vsnprintf
                0x1000b0a4      0x19c CMakeFiles/tinyML.dir/home/vagner/pico/pico-sdk/src/rp2_common/pico_printf/printf.c.o
 .rodata.pow10.0
                0x1000b240       0x50 CMakeFiles/tinyML.dir/home/vagner/pico/pico-sdk/src/rp2_common/pico_printf/printf.c.o
 .rodata.crlf_str.0
                0x1000b290        0x2 CMakeFiles/tinyML.dir/home/vagner/pico/pico-sdk/src/rp2_common/pico_stdio/stdio.c.o
 *fill*         0x1000b292        0x2 
 .rodata._resetd_driver
                0x1000b294       0x20 CMakeFiles/tinyML.dir/home/vagner/pico/pico-sdk/src/rp2_common/pico_stdio_usb/reset_interface.c.o
 .rodata.desc_ms_os_20
                0x1000b2b4       0xa6 CMakeFiles/tinyML.dir/home/vagner/pico/pico-sdk/src/rp2_common/pico_stdio_usb/reset_interface.c.o
 *fill*         0x1000b35a        0x2 
 .rodata.desc_bos
                0x1000b35c       0x21 CMakeFiles/tinyML.dir/home/vagner/pico/pico-sdk/src/rp2_common/pico_stdio_usb/reset_interface.c.o
                0x1000b35c                desc_bos
 .rodata.str1.4
                0x1000b37d       0x13 CMakeFiles/tinyML.dir/home/vagner/pico/pico-sdk/src/rp2_common/pico_stdio_usb/stdio_usb.c.o
 *fill*         0x1000b37d        0x3 
 .rodata.__bi_197.0
                0x1000b380        0xc CMakeFiles/tinyML.dir/home/vagner/pico/pico-sdk/src/rp2_common/pico_stdio_usb/stdio_usb.c.o
 .rodata.str1.4
                0x1000b38c       0x2a CMakeFiles/tinyML.dir/home/vagner/pico/pico-sdk/src/rp2_common/pico_stdio_usb/stdio_usb_descriptors.c.o
 .rodata.usbd_desc_str
                0x1000b38c       0x18 CMakeFiles/tinyML.dir/home/vagner/pico/pico-sdk/src/rp2_common/pico_stdio_usb/stdio_usb_descriptors.c.o
 .rodata.usbd_desc_cfg
                0x1000b3a4       0x54 CMakeFiles/tinyML.dir/home/vagner/pico/pico-sdk/src/rp2_common/pico_stdio_usb/stdio_usb_descriptors.c.o
 .rodata.usbd_desc_device
                0x1000b3f8       0x12 CMakeFiles/tinyML.dir/home/vagner/pico/pico-sdk/src/rp2_common/pico_stdio_usb/stdio_usb_descriptors.c.o
 .rodata.str1.4
                0x1000b40a       0x14 CMakeFiles/tinyML.dir/home/vagner/pico/pico-sdk/lib/tinyusb/src/portable/raspberrypi/rp2040/dcd_rp2040.c.o
 .rodata.str1.4
                0x1000b40a       0x48 CMakeFiles/tinyML.dir/home/vagner/pico/pico-sdk/lib/tinyusb/src/portable/raspberrypi/rp2040/rp2040_usb.c.o
 *fill*         0x1000b40a        0x2 
 .rodata.tud_task_ext
                0x1000b40c       0x8c CMakeFiles/tinyML.dir/home/vagner/pico/pico-sdk/lib/tinyusb/src/device/usbd.c.o
 .rodata        0x1000b498       0x1c CMakeFiles/tinyML.dir/home/vagner/pico/pico-sdk/lib/tinyusb/src/device/usbd.c.o
 .rodata._usbd_driver
                0x1000b4b4       0x40 CMakeFiles/tinyML.dir/home/vagner/pico/pico-sdk/lib/tinyusb/src/device/usbd.c.o
 .rodata.uxTopUsedPriority
                0x1000b4f4        0x4 CMakeFiles/tinyML.dir/FreeRTOS/tasks.c.o
 .rodata.prvTimerTask
                0x1000b4f8       0x28 CMakeFiles/tinyML.dir/FreeRTOS/timers.c.o
 .rodata.xTimerCreateTimerTask.str1.4
                0x1000b520       0x10 CMakeFiles/tinyML.dir/FreeRTOS/timers.c.o
 .rodata        0x1000b520      0x101 /usr/lib/gcc/arm-none-eabi/13.2.1/../../../arm-none-eabi/lib/thumb/v6-m/nofp/libg.a(libc_a-ctype_.o)
                0x1000b520                _ctype_
                0x1000b624                        . = ALIGN (0x4)
 *fill*         0x1000b621        0x3 
 *(SORT_BY_ALIGNMENT(SORT_BY_NAME(.flashdata*)))
                0x1000b624                        . = ALIGN (0x4)

.ARM.extab
 *(.ARM.extab* .gnu.linkonce.armextab.*)
                0x1000b624                        __exidx_start = .

.ARM.exidx
 *(.ARM.exidx* .gnu.linkonce.armexidx.*)
                0x1000b624                        __exidx_end = .
                0x1000b624                        . = ALIGN (0x4)
                0x1000b624                        __binary_info_start = .

.binary_info    0x1000b624       0x20
 *(.binary_info.keep.*)
 .binary_info.keep.__bi_ptr84
                0x1000b624        0x4 CMakeFiles/tinyML.dir/home/vagner/pico/pico-sdk/src/rp2_common/pico_standard_binary_info/standard_binary_info.c.o
 .binary_info.keep.__bi_ptr78
                0x1000b628        0x4 CMakeFiles/tinyML.dir/home/vagner/pico/pico-sdk/src/rp2_common/pico_standard_binary_info/standard_binary_info.c.o
 .binary_info.keep.__bi_ptr54
                0x1000b62c        0x4 CMakeFiles/tinyML.dir/home/vagner/pico/pico-sdk/src/rp2_common/pico_standard_binary_info/standard_binary_info.c.o
 .binary_info.keep.__bi_ptr48
                0x1000b630        0x4 CMakeFiles/tinyML.dir/home/vagner/pico/pico-sdk/src/rp2_common/pico_standard_binary_info/standard_binary_info.c.o
 .binary_info.keep.__bi_ptr42
                0x1000b634        0x4 CMakeFiles/tinyML.dir/home/vagner/pico/pico-sdk/src/rp2_common/pico_standard_binary_info/standard_binary_info.c.o
 .binary_info.keep.__bi_ptr34
                0x1000b638        0x4 CMakeFiles/tinyML.dir/home/vagner/pico/pico-sdk/src/rp2_common/pico_standard_binary_info/standard_binary_info.c.o
 .binary_info.keep.__bi_ptr26
                0x1000b63c        0x4 CMakeFiles/tinyML.dir/home/vagner/pico/pico-sdk/src/rp2_common/pico_standard_binary_info/standard_binary_info.c.o
 *(.binary_info.*)
 .binary_info.__bi_ptr197
                0x1000b640        0x4 CMakeFiles/tinyML.dir/home/vagner/pico/pico-sdk/src/rp2_common/pico_stdio_usb/stdio_usb.c.o
                0x1000b644                        __binary_info_end = .

.rel.dyn        0x1000b644        0x0
 .rel.iplt      0x1000b644        0x0 /usr/lib/gcc/arm-none-eabi/13.2.1/thumb/v6-m/nofp/crtbegin.o
                0x1000b644                        . = ALIGN (0x4)

.ram_vector_table
                0x20000000       0xc0
 *(.ram_vector_table)
 .ram_vector_table
                0x20000000       0xc0 CMakeFiles/tinyML.dir/home/vagner/pico/pico-sdk/src/rp2_common/pico_runtime_init/runtime_init.c.o
                0x20000000                ram_vector_table

.uninitialized_data
                0x200000c0        0x0
                0x200000c0                        . = ALIGN (0x4)
 *(.uninitialized_data*)

.data           0x200000c0     0x1550 load address 0x1000b644
                0x200000c0                        __data_start__ = .
 *(vtable)
 *(.time_critical*)
 .time_critical.mutex_enter_blocking
                0x200000c0       0x3c CMakeFiles/tinyML.dir/home/vagner/pico/pico-sdk/src/common/pico_sync/mutex.c.o
                0x200000c0                mutex_enter_blocking
 .time_critical.mutex_try_enter
                0x200000fc       0x40 CMakeFiles/tinyML.dir/home/vagner/pico/pico-sdk/src/common/pico_sync/mutex.c.o
                0x200000fc                mutex_try_enter
 .time_critical.mutex_try_enter_block_until
                0x2000013c       0xa0 CMakeFiles/tinyML.dir/home/vagner/pico/pico-sdk/src/common/pico_sync/mutex.c.o
                0x2000013c                mutex_try_enter_block_until
 .time_critical.mutex_enter_timeout_ms
                0x200001dc       0x78 CMakeFiles/tinyML.dir/home/vagner/pico/pico-sdk/src/common/pico_sync/mutex.c.o
                0x200001dc                mutex_enter_timeout_ms
 .time_critical.mutex_exit
                0x20000254       0x20 CMakeFiles/tinyML.dir/home/vagner/pico/pico-sdk/src/common/pico_sync/mutex.c.o
                0x20000254                mutex_exit
 .time_critical.flash_init_boot2_copyout
                0x20000274       0x30 CMakeFiles/tinyML.dir/home/vagner/pico/pico-sdk/src/rp2_common/hardware_flash/flash.c.o
 .time_critical.flash_enable_xip_via_boot2
                0x200002a4        0xc CMakeFiles/tinyML.dir/home/vagner/pico/pico-sdk/src/rp2_common/hardware_flash/flash.c.o
 .time_critical.flash_cs_force
                0x200002b0       0x38 CMakeFiles/tinyML.dir/home/vagner/pico/pico-sdk/src/rp2_common/hardware_flash/flash.c.o
 .time_critical.flash_do_cmd
                0x200002e8       0xc0 CMakeFiles/tinyML.dir/home/vagner/pico/pico-sdk/src/rp2_common/hardware_flash/flash.c.o
                0x200002e8                flash_do_cmd
 .time_critical.reset_non_control_endpoints
                0x200003a8       0x68 CMakeFiles/tinyML.dir/home/vagner/pico/pico-sdk/lib/tinyusb/src/portable/raspberrypi/rp2040/dcd_rp2040.c.o
 .time_critical.hw_handle_buff_status
                0x20000410       0xb0 CMakeFiles/tinyML.dir/home/vagner/pico/pico-sdk/lib/tinyusb/src/portable/raspberrypi/rp2040/dcd_rp2040.c.o
 .time_critical.dcd_rp2040_irq
                0x200004c0      0x578 CMakeFiles/tinyML.dir/home/vagner/pico/pico-sdk/lib/tinyusb/src/portable/raspberrypi/rp2040/dcd_rp2040.c.o
 .time_critical.prepare_ep_buffer
                0x20000a38       0xe0 CMakeFiles/tinyML.dir/home/vagner/pico/pico-sdk/lib/tinyusb/src/portable/raspberrypi/rp2040/rp2040_usb.c.o
 .time_critical.sync_ep_buffer
                0x20000b18       0xa8 CMakeFiles/tinyML.dir/home/vagner/pico/pico-sdk/lib/tinyusb/src/portable/raspberrypi/rp2040/rp2040_usb.c.o
 .time_critical._hw_endpoint_xfer_sync
                0x20000bc0       0x28 CMakeFiles/tinyML.dir/home/vagner/pico/pico-sdk/lib/tinyusb/src/portable/raspberrypi/rp2040/rp2040_usb.c.o
 .time_critical.e15_is_bulkin_ep
                0x20000be8       0x28 CMakeFiles/tinyML.dir/home/vagner/pico/pico-sdk/lib/tinyusb/src/portable/raspberrypi/rp2040/rp2040_usb.c.o
 .time_critical.e15_is_critical_frame_period
                0x20000c10       0x34 CMakeFiles/tinyML.dir/home/vagner/pico/pico-sdk/lib/tinyusb/src/portable/raspberrypi/rp2040/rp2040_usb.c.o
 .time_critical.hw_endpoint_reset_transfer
                0x20000c44        0xc CMakeFiles/tinyML.dir/home/vagner/pico/pico-sdk/lib/tinyusb/src/portable/raspberrypi/rp2040/rp2040_usb.c.o
                0x20000c44                hw_endpoint_reset_transfer
 .time_critical._hw_endpoint_buffer_control_update32
                0x20000c50       0x50 CMakeFiles/tinyML.dir/home/vagner/pico/pico-sdk/lib/tinyusb/src/portable/raspberrypi/rp2040/rp2040_usb.c.o
                0x20000c50                _hw_endpoint_buffer_control_update32
 .time_critical.hw_endpoint_start_next_buffer
                0x20000ca0       0x6c CMakeFiles/tinyML.dir/home/vagner/pico/pico-sdk/lib/tinyusb/src/portable/raspberrypi/rp2040/rp2040_usb.c.o
                0x20000ca0                hw_endpoint_start_next_buffer
 .time_critical.hw_endpoint_xfer_continue
                0x20000d0c       0x40 CMakeFiles/tinyML.dir/home/vagner/pico/pico-sdk/lib/tinyusb/src/portable/raspberrypi/rp2040/rp2040_usb.c.o
                0x20000d0c                hw_endpoint_xfer_continue
 .time_critical.tinyusb
                0x20000d4c      0x1e4 CMakeFiles/tinyML.dir/home/vagner/pico/pico-sdk/lib/tinyusb/src/device/usbd.c.o
                0x20000d4c                dcd_event_handler
 *(.text*)
 .text          0x20000f30        0x4 /usr/lib/gcc/arm-none-eabi/13.2.1/thumb/v6-m/nofp/libgcc.a(_dvmd_tls.o)
                0x20000f30                __aeabi_ldiv0
                0x20000f30                __aeabi_idiv0
 *fill*         0x20000f34        0x4 
 .text.__stub   0x20000f38       0xb0 linker stubs
                0x20000fe8                        . = ALIGN (0x4)
 *(.rodata*)
                0x20000fe8                        . = ALIGN (0x4)
 *(.data*)
 .data.display_frame_area
                0x20000fe8        0x8 CMakeFiles/tinyML.dir/src/oled/display.c.o
 .data.scale_factor
                0x20000ff0        0x4 CMakeFiles/tinyML.dir/src/mpu6500.c.o
 .data.striped_spin_lock_num
                0x20000ff4        0x1 CMakeFiles/tinyML.dir/home/vagner/pico/pico-sdk/src/rp2_common/hardware_sync/sync.c.o
 *fill*         0x20000ff5        0x3 
 .data          0x20000ff8       0x48 CMakeFiles/tinyML.dir/home/vagner/pico/pico-sdk/src/rp2_common/hardware_irq/irq_handler_chain.S.o
                0x20000ff8                irq_handler_chain_slots
                0x20001028                irq_handler_chain_first_slot
                0x20001032                irq_handler_chain_remove_tail
 .data.default_alarm_pool
                0x20001040       0x18 CMakeFiles/tinyML.dir/home/vagner/pico/pico-sdk/src/common/pico_time/time.c.o
 *fill*         0x20001058        0x8 
 .data.aeabi_bits_funcs
                0x20001060       0x10 CMakeFiles/tinyML.dir/home/vagner/pico/pico-sdk/src/rp2_common/pico_bit_ops/bit_ops_aeabi.S.o
                0x20001060                aeabi_bits_funcs
                0x20001070                aeabi_bits_funcs_end
 .data.aeabi_mem_funcs
                0x20001070       0x10 CMakeFiles/tinyML.dir/home/vagner/pico/pico-sdk/src/rp2_common/pico_mem_ops/mem_ops_aeabi.S.o
                0x20001070                aeabi_mem_funcs
                0x20001080                aeabi_mem_funcs_end
 .data.stdio_usb
                0x20001080       0x18 CMakeFiles/tinyML.dir/home/vagner/pico/pico-sdk/src/rp2_common/pico_stdio_usb/stdio_usb.c.o
                0x20001080                stdio_usb
 .data._usbd_qdef
                0x20001098       0x1c CMakeFiles/tinyML.dir/home/vagner/pico/pico-sdk/lib/tinyusb/src/device/usbd.c.o
                0x20001098                _usbd_qdef
 .data._usbd_rhport
                0x200010b4        0x1 CMakeFiles/tinyML.dir/home/vagner/pico/pico-sdk/lib/tinyusb/src/device/usbd.c.o
 .data.ucPrimaryCoreNum